 RichEditDemo_d

 Timestamp is 55bce9a0 (Sat Aug 01 23:45:36 2015)

 Preferred load address is 00400000

 Start         Length     Name                   Class
 0001:00000000 00002d34H .text$di                CODE
 0001:00002d40 0003afc4H .text$mn                CODE
 0001:0003dd10 00003352H .text$x                 CODE
 0001:00041070 00001190H .text$yd                CODE
 0002:00000000 00000104H .CRT$XCA                DATA
 0002:00000104 00000104H .CRT$XCAA               DATA
 0002:00000208 0000013aH .CRT$XCU                DATA
 0002:00000344 00000104H .CRT$XCZ                DATA
 0002:00000448 00000104H .CRT$XIA                DATA
 0002:0000054c 00000104H .CRT$XIAA               DATA
 0002:00000650 00000104H .CRT$XIC                DATA
 0002:00000754 00000104H .CRT$XIY                DATA
 0002:00000858 00000104H .CRT$XIZ                DATA
 0002:00000960 000067c7H .rdata                  DATA
 0002:00007128 00000194H .rdata$debug            DATA
 0002:000072bc 000010aaH .rdata$r                DATA
 0002:00008370 0000034eH .rdata$sxdata           DATA
 0002:000086c0 00000104H .rtc$IAA                DATA
 0002:000087c4 0000014cH .rtc$IMZ                DATA
 0002:00008910 00000104H .rtc$IZZ                DATA
 0002:00008a14 00000104H .rtc$TAA                DATA
 0002:00008b18 0000014cH .rtc$TMZ                DATA
 0002:00008c64 00000104H .rtc$TZZ                DATA
 0002:00008d68 0000215eH .xdata$x                DATA
 0002:0000aec6 00000000H .edata                  DATA
 0003:00000000 000001cdH .data                   DATA
 0003:000001d0 0000075bH .data$r                 DATA
 0003:00000930 00000920H .bss                    DATA
 0004:00000000 00000adcH .idata$5                DATA
 0004:00000adc 000000dcH .idata$2                DATA
 0004:00000bb8 00000014H .idata$3                DATA
 0004:00000bcc 00000adcH .idata$4                DATA
 0004:000016a8 00004d71H .idata$6                DATA
 0005:00000000 0000056cH .rsrc$01                DATA
 0005:00000570 00073ef6H .rsrc$02                DATA

  Address         Publics by Value              Rva+Base       Lib:Object

 0000:00000000       ___guard_flags             00000000     <absolute>
 0000:00000000       __except_list              00000000     <absolute>
 0000:00000000       ___guard_fids_table        00000000     <absolute>
 0000:00000000       ___guard_fids_count        00000000     <absolute>
 0000:0000007b       ___safe_se_handler_count   0000007b     <absolute>
 0000:00009876       __ldused                   00009876     <absolute>
 0000:00009876       __fltused                  00009876     <absolute>
 0000:00000000       ___ImageBase               00400000     <linker-defined>
 0001:00002d40       ??0CButtonExUI@DuiLib@@QAE@XZ 00403d40 f   ButtonExUI.obj
 0001:00002e10       ??1CButtonExUI@DuiLib@@UAE@XZ 00403e10 f i ButtonExUI.obj
 0001:00002ed0       ??_ECButtonExUI@DuiLib@@UAEPAXI@Z 00403ed0 f i ButtonExUI.obj
 0001:00002ed0       ??_GCButtonExUI@DuiLib@@UAEPAXI@Z 00403ed0 f i ButtonExUI.obj
 0001:00002f40       ?GetClass@CButtonExUI@DuiLib@@UBEPB_WXZ 00403f40 f   ButtonExUI.obj
 0001:00002f80       ?GetIconImage@CButtonExUI@DuiLib@@QAEPB_WXZ 00403f80 f   ButtonExUI.obj
 0001:00002ff0       ?GetInterface@CButtonExUI@DuiLib@@UAEPAXPB_W@Z 00403ff0 f   ButtonExUI.obj
 0001:00003080       ?PaintStatusImage@CButtonExUI@DuiLib@@UAEXPAUHDC__@@@Z 00404080 f   ButtonExUI.obj
 0001:00003240       ?SetAttribute@CButtonExUI@DuiLib@@UAEXPB_W0@Z 00404240 f   ButtonExUI.obj
 0001:000032e0       ?SetIconImage@CButtonExUI@DuiLib@@QAEXPB_W@Z 004042e0 f   ButtonExUI.obj
 0001:00003360       ??$_Allocate@PAVCGifImage@@@std@@YAPAPAVCGifImage@@IPAPAV1@@Z 00404360 f i FaceCtrl.obj
 0001:00003400       ??$_Allocate@U_Container_proxy@std@@@std@@YAPAU_Container_proxy@0@IPAU10@@Z 00404400 f i FaceCtrl.obj
 0001:000034a0       ??$_Debug_pointer@PAVCGifImage@@@std@@YAXPAPAVCGifImage@@PB_WI@Z 004044a0 f i FaceCtrl.obj
 0001:00003510       ??$_Debug_range2@PAPAVCGifImage@@@std@@YAXPAPAVCGifImage@@0PB_WIUrandom_access_iterator_tag@0@@Z 00404510 f i FaceCtrl.obj
 0001:000035c0       ??$_Debug_range@PAPAVCGifImage@@@std@@YAXPAPAVCGifImage@@0PB_WI@Z 004045c0 f i FaceCtrl.obj
 0001:00003640       ??$_Destroy_range@U?$_Wrap_alloc@V?$allocator@PAVCGifImage@@@std@@@std@@@std@@YAXPAPAVCGifImage@@0AAU?$_Wrap_alloc@V?$allocator@PAVCGifImage@@@std@@@0@@Z 00404640 f i FaceCtrl.obj
 0001:000036c0       ??$_Destroy_range@U?$_Wrap_alloc@V?$allocator@PAVCGifImage@@@std@@@std@@@std@@YAXPAPAVCGifImage@@0AAU?$_Wrap_alloc@V?$allocator@PAVCGifImage@@@std@@@0@U_Scalar_ptr_iterator_tag@0@@Z 004046c0 f i FaceCtrl.obj
 0001:000036f0       ??$_Iter_cat@PAPAVCGifImage@@@std@@YA?AUrandom_access_iterator_tag@0@ABQAPAVCGifImage@@@Z 004046f0 f i FaceCtrl.obj
 0001:00003770       ??$_Ptr_cat@PAVCGifImage@@PAV1@@std@@YA?AU_Scalar_ptr_iterator_tag@0@PAPAVCGifImage@@0@Z 00404770 f i FaceCtrl.obj
 0001:000037e0       ??$_Rechecked@PAPAVCGifImage@@PAPAV1@@std@@YAAAPAPAVCGifImage@@AAPAPAV1@PAPAV1@@Z 004047e0 f i FaceCtrl.obj
 0001:00003820       ??$_Umove@PAPAVCGifImage@@@?$vector@PAVCGifImage@@V?$allocator@PAVCGifImage@@@std@@@std@@IAEPAPAVCGifImage@@PAPAV2@00@Z 00404820 f i FaceCtrl.obj
 0001:000038d0       ??$_Unchecked@PAPAVCGifImage@@@std@@YAPAPAVCGifImage@@PAPAV1@@Z 004048d0 f i FaceCtrl.obj
 0001:00003910       ??$_Uninit_move@PAPAVCGifImage@@PAPAV1@U?$_Wrap_alloc@V?$allocator@PAVCGifImage@@@std@@@std@@@std@@YAPAPAVCGifImage@@PAPAV1@00AAU?$_Wrap_alloc@V?$allocator@PAVCGifImage@@@std@@@0@@Z 00404910 f i FaceCtrl.obj
 0001:000039b0       ??$_Uninit_move@PAVCGifImage@@PAV1@PAV1@@std@@YAPAPAVCGifImage@@PAPAV1@00AAU?$_Wrap_alloc@V?$allocator@PAVCGifImage@@@std@@@0@0U_Scalar_ptr_iterator_tag@0@@Z 004049b0 f i FaceCtrl.obj
 0001:00003a70       ??$_Uninitialized_move@PAPAVCGifImage@@PAPAV1@U?$_Wrap_alloc@V?$allocator@PAVCGifImage@@@std@@@std@@@std@@YAPAPAVCGifImage@@PAPAV1@00AAU?$_Wrap_alloc@V?$allocator@PAVCGifImage@@@std@@@0@@Z 00404a70 f i FaceCtrl.obj
 0001:00003b10       ??$_Val_type@PAPAVCGifImage@@@std@@YAPAPAVCGifImage@@PAPAV1@@Z 00404b10 f i FaceCtrl.obj
 0001:00003b40       ??$addressof@QAVCGifImage@@@std@@YAPBQAVCGifImage@@ABQAV1@@Z 00404b40 f i FaceCtrl.obj
 0001:00003b80       ??$addressof@_W@std@@YAPA_WAA_W@Z 00404b80 f i FaceCtrl.obj
 0001:00003bc0       ??$construct@PAVCGifImage@@AAPAV1@@?$_Wrap_alloc@V?$allocator@PAVCGifImage@@@std@@@std@@QAEXPAPAVCGifImage@@AAPAV2@@Z 00404bc0 f i FaceCtrl.obj
 0001:00003c30       ??$construct@PAVCGifImage@@AAPAV1@@?$allocator@PAVCGifImage@@@std@@QAEXPAPAVCGifImage@@AAPAV2@@Z 00404c30 f i FaceCtrl.obj
 0001:00003d30       ??$construct@PAVCGifImage@@AAPAV1@@?$allocator_traits@V?$allocator@PAVCGifImage@@@std@@@std@@SAXAAV?$allocator@PAVCGifImage@@@1@PAPAVCGifImage@@AAPAV3@@Z 00404d30 f i FaceCtrl.obj
 0001:00003d90       ??$construct@PAVCGifImage@@ABQAV1@@?$_Wrap_alloc@V?$allocator@PAVCGifImage@@@std@@@std@@QAEXPAPAVCGifImage@@ABQAV2@@Z 00404d90 f i FaceCtrl.obj
 0001:00003e00       ??$construct@PAVCGifImage@@ABQAV1@@?$allocator_traits@V?$allocator@PAVCGifImage@@@std@@@std@@SAXAAV?$allocator@PAVCGifImage@@@1@PAPAVCGifImage@@ABQAV3@@Z 00404e00 f i FaceCtrl.obj
 0001:00003e60       ??$construct@U_Container_proxy@std@@U12@@?$_Wrap_alloc@V?$allocator@U_Container_proxy@std@@@std@@@std@@QAEXPAU_Container_proxy@1@$$QAU21@@Z 00404e60 f i FaceCtrl.obj
 0001:00003ed0       ??$construct@U_Container_proxy@std@@U12@@?$allocator@U_Container_proxy@std@@@std@@QAEXPAU_Container_proxy@1@$$QAU21@@Z 00404ed0 f i FaceCtrl.obj
 0001:00003fe0       ??$construct@U_Container_proxy@std@@U12@@?$allocator_traits@V?$allocator@U_Container_proxy@std@@@std@@@std@@SAXAAV?$allocator@U_Container_proxy@std@@@1@PAU_Container_proxy@1@$$QAU31@@Z 00404fe0 f i FaceCtrl.obj
 0001:00004040       ??$destroy@U_Container_proxy@std@@@?$_Wrap_alloc@V?$allocator@U_Container_proxy@std@@@std@@@std@@QAEXPAU_Container_proxy@1@@Z 00405040 f i FaceCtrl.obj
 0001:000040a0       ??$destroy@U_Container_proxy@std@@@?$allocator@U_Container_proxy@std@@@std@@QAEXPAU_Container_proxy@1@@Z 004050a0 f i FaceCtrl.obj
 0001:000040e0       ??$destroy@U_Container_proxy@std@@@?$allocator_traits@V?$allocator@U_Container_proxy@std@@@std@@@std@@SAXAAV?$allocator@U_Container_proxy@std@@@1@PAU_Container_proxy@1@@Z 004050e0 f i FaceCtrl.obj
 0001:00004130       ??$forward@AAPAVCGifImage@@@std@@YAAAPAVCGifImage@@AAPAV1@@Z 00405130 f i FaceCtrl.obj
 0001:00004170       ??$forward@ABQAVCGifImage@@@std@@YAABQAVCGifImage@@ABQAV1@@Z 00405170 f i FaceCtrl.obj
 0001:000041b0       ??$forward@U_Container_proxy@std@@@std@@YA$$QAU_Container_proxy@0@AAU10@@Z 004051b0 f i FaceCtrl.obj
 0001:000041f0       ??0?$_Vector_alloc@$0A@U?$_Vec_base_types@PAVCGifImage@@V?$allocator@PAVCGifImage@@@std@@@std@@@std@@QAE@ABV?$allocator@PAVCGifImage@@@1@@Z 004051f0 f i FaceCtrl.obj
 0001:000042a0       ??0?$_Vector_val@U?$_Simple_types@PAVCGifImage@@@std@@@std@@QAE@XZ 004052a0 f i FaceCtrl.obj
 0001:00004330       ??0?$_Wrap_alloc@V?$allocator@PAVCGifImage@@@std@@@std@@QAE@XZ 00405330 f i FaceCtrl.obj
 0001:00004390       ??0?$_Wrap_alloc@V?$allocator@U_Container_proxy@std@@@std@@@std@@QAE@XZ 00405390 f i FaceCtrl.obj
 0001:000043f0       ??0?$allocator@PAVCGifImage@@@std@@QAE@XZ 004053f0 f i FaceCtrl.obj
 0001:00004430       ??0?$allocator@U_Container_proxy@std@@@std@@QAE@XZ 00405430 f i FaceCtrl.obj
 0001:00004470       ??0?$vector@PAVCGifImage@@V?$allocator@PAVCGifImage@@@std@@@std@@QAE@XZ 00405470 f i FaceCtrl.obj
 0001:000044e0       ??0CFaceCtrl@DuiLib@@QAE@XZ 004054e0 f   FaceCtrl.obj
 0001:000046c0       ??0_Container_proxy@std@@QAE@XZ 004056c0 f i FaceCtrl.obj
 0001:00004710       ??1?$_Vector_alloc@$0A@U?$_Vec_base_types@PAVCGifImage@@V?$allocator@PAVCGifImage@@@std@@@std@@@std@@QAE@XZ 00405710 f i FaceCtrl.obj
 0001:00004770       ??1?$_Vector_val@U?$_Simple_types@PAVCGifImage@@@std@@@std@@QAE@XZ 00405770 f i FaceCtrl.obj
 0001:000047d0       ??1?$vector@PAVCGifImage@@V?$allocator@PAVCGifImage@@@std@@@std@@QAE@XZ 004057d0 f i FaceCtrl.obj
 0001:00004830       ??1CFaceCtrl@DuiLib@@UAE@XZ 00405830 f   FaceCtrl.obj
 0001:00004950       ??2@YAPAXIPAX@Z            00405950 f i FaceCtrl.obj
 0001:00004990       ??3@YAXPAX0@Z              00405990 f i FaceCtrl.obj
 0001:000049c0       ??A?$vector@PAVCFaceInfo@@V?$allocator@PAVCFaceInfo@@@std@@@std@@QAEAAPAVCFaceInfo@@I@Z 004059c0 f i FaceCtrl.obj
 0001:00004ae0       ??A?$vector@PAVCGifImage@@V?$allocator@PAVCGifImage@@@std@@@std@@QAEAAPAVCGifImage@@I@Z 00405ae0 f i FaceCtrl.obj
 0001:00004c00       ??_GCFaceCtrl@DuiLib@@UAEPAXI@Z 00405c00 f i FaceCtrl.obj
 0001:00004c00       ??_ECFaceCtrl@DuiLib@@UAEPAXI@Z 00405c00 f i FaceCtrl.obj
 0001:00004c70       ??_GCGifImage@@QAEPAXI@Z   00405c70 f i FaceCtrl.obj
 0001:00004ce0       ??_H@YGXPAXIHP6EPAX0@Z@Z   00405ce0 f i FaceCtrl.obj
 0001:00004d50       ?CalcCenterRect@CFaceCtrl@DuiLib@@AAEXAAUtagRECT@@HH0@Z 00405d50 f   FaceCtrl.obj
 0001:00004e60       ?CalcZoomRect@CFaceCtrl@DuiLib@@AAEXUtagPOINT@@@Z 00405e60 f   FaceCtrl.obj
 0001:00004fc0       ?DestroyImage@CFaceCtrl@DuiLib@@AAEXXZ 00405fc0 f   FaceCtrl.obj
 0001:000050c0       ?DoEvent@CFaceCtrl@DuiLib@@UAEXAAUtagTEventUI@2@@Z 004060c0 f   FaceCtrl.obj
 0001:00005540       ?DrawFocusBorder@CFaceCtrl@DuiLib@@AAEXPAUHDC__@@ABUtagRECT@@@Z 00406540 f   FaceCtrl.obj
 0001:000056a0       ?DrawLine@CFaceCtrl@DuiLib@@AAEXPAUHDC__@@@Z 004066a0 f   FaceCtrl.obj
 0001:00005900       ?DrawZoomImage@CFaceCtrl@DuiLib@@AAEXPAUHDC__@@@Z 00406900 f   FaceCtrl.obj
 0001:00005bb0       ?GetClass@CFaceCtrl@DuiLib@@UBEPB_WXZ 00406bb0 f   FaceCtrl.obj
 0001:00005bf0       ?GetFaceInfo@CFaceCtrl@DuiLib@@QAEPAVCFaceInfo@@H@Z 00406bf0 f   FaceCtrl.obj
 0001:00005cd0       ?GetInterface@CFaceCtrl@DuiLib@@UAEPAXPB_W@Z 00406cd0 f   FaceCtrl.obj
 0001:00005d60       ?GetItemRect@CFaceCtrl@DuiLib@@AAEHHAAUtagRECT@@@Z 00406d60 f   FaceCtrl.obj
 0001:00005fa0       ?GetZoomImage@CFaceCtrl@DuiLib@@AAEPAVCGifImage@@XZ 00406fa0 f   FaceCtrl.obj
 0001:00006040       ?HitTest@CFaceCtrl@DuiLib@@AAEHUtagPOINT@@@Z 00407040 f   FaceCtrl.obj
 0001:00006230       ?LoadImageW@CFaceCtrl@DuiLib@@AAEHH@Z 00407230 f   FaceCtrl.obj
 0001:000064d0       ?PaintBkColor@CFaceCtrl@DuiLib@@UAEXPAUHDC__@@@Z 004074d0 f   FaceCtrl.obj
 0001:00006550       ?PaintBkImage@CFaceCtrl@DuiLib@@UAEXPAUHDC__@@@Z 00407550 f   FaceCtrl.obj
 0001:000065c0       ?PaintStatusImage@CFaceCtrl@DuiLib@@UAEXPAUHDC__@@@Z 004075c0 f   FaceCtrl.obj
 0001:00006860       ?SetAttribute@CFaceCtrl@DuiLib@@UAEXPB_W0@Z 00407860 f   FaceCtrl.obj
 0001:000068d0       ?SetCurPage@CFaceCtrl@DuiLib@@QAEXH@Z 004078d0 f   FaceCtrl.obj
 0001:00006a00       ?SetFaceList@CFaceCtrl@DuiLib@@QAEXPAVCFaceList@@@Z 00407a00 f   FaceCtrl.obj
 0001:00006a50       ?SetFocusBorderColor@CFaceCtrl@DuiLib@@QAEXK@Z 00407a50 f   FaceCtrl.obj
 0001:00006aa0       ?SetItemSize@CFaceCtrl@DuiLib@@QAEXHH@Z 00407aa0 f   FaceCtrl.obj
 0001:00006b00       ?SetLineColor@CFaceCtrl@DuiLib@@QAEXK@Z 00407b00 f   FaceCtrl.obj
 0001:00006b50       ?SetRowAndCol@CFaceCtrl@DuiLib@@QAEXHH@Z 00407b50 f   FaceCtrl.obj
 0001:00006bb0       ?SetZoomBorderColor@CFaceCtrl@DuiLib@@QAEXK@Z 00407bb0 f   FaceCtrl.obj
 0001:00006c00       ?SetZoomSize@CFaceCtrl@DuiLib@@QAEXHH@Z 00407c00 f   FaceCtrl.obj
 0001:00006c60       ?_Alloc_proxy@?$_Vector_alloc@$0A@U?$_Vec_base_types@PAVCGifImage@@V?$allocator@PAVCGifImage@@@std@@@std@@@std@@QAEXXZ 00407c60 f i FaceCtrl.obj
 0001:00006d30       ?_Clrcont@_Iterator_base12@std@@QAEXXZ 00407d30 f i FaceCtrl.obj
 0001:00006d70       ?_Destroy@?$vector@PAVCGifImage@@V?$allocator@PAVCGifImage@@@std@@@std@@IAEXPAPAVCGifImage@@0@Z 00407d70 f i FaceCtrl.obj
 0001:00006e20       ?_Free_proxy@?$_Vector_alloc@$0A@U?$_Vec_base_types@PAVCGifImage@@V?$allocator@PAVCGifImage@@@std@@@std@@@std@@QAEXXZ 00407e20 f i FaceCtrl.obj
 0001:00006f00       ?_Getal@?$_Vector_alloc@$0A@U?$_Vec_base_types@PAVCGifImage@@V?$allocator@PAVCGifImage@@@std@@@std@@@std@@QBE?AU?$_Wrap_alloc@V?$allocator@PAVCGifImage@@@std@@@2@XZ 00407f00 f i FaceCtrl.obj
 0001:00006f60       ?_Getpnext@_Iterator_base12@std@@QAEPAPAU12@XZ 00407f60 f i FaceCtrl.obj
 0001:00006fa0       ?_Grow_to@?$vector@PAVCGifImage@@V?$allocator@PAVCGifImage@@@std@@@std@@IBEII@Z 00407fa0 f i FaceCtrl.obj
 0001:00007050       ?_Inside@?$vector@PAVCGifImage@@V?$allocator@PAVCGifImage@@@std@@@std@@IBE_NPBQAVCGifImage@@@Z 00408050 f i FaceCtrl.obj
 0001:000070d0       ?_Myptr@?$_String_val@U?$_Simple_types@_W@std@@@std@@QBEPB_WXZ 004080d0 f i FaceCtrl.obj
 0001:00007160       ?_Orphan_range@?$vector@PAVCGifImage@@V?$allocator@PAVCGifImage@@@std@@@std@@IBEXPAPAVCGifImage@@0@Z 00408160 f i FaceCtrl.obj
 0001:000072e0       ?_Reallocate@?$vector@PAVCGifImage@@V?$allocator@PAVCGifImage@@@std@@@std@@IAEXI@Z 004082e0 f i FaceCtrl.obj
 0001:000074c0       ?_Reserve@?$vector@PAVCGifImage@@V?$allocator@PAVCGifImage@@@std@@@std@@IAEXI@Z 004084c0 f i FaceCtrl.obj
 0001:00007570       ?_Tidy@?$vector@PAVCGifImage@@V?$allocator@PAVCGifImage@@@std@@@std@@IAEXXZ 00408570 f i FaceCtrl.obj
 0001:00007650       ?_Unused_capacity@?$vector@PAVCGifImage@@V?$allocator@PAVCGifImage@@@std@@@std@@QBEIXZ 00408650 f i FaceCtrl.obj
 0001:000076a0       ?_Xlen@?$vector@PAVCGifImage@@V?$allocator@PAVCGifImage@@@std@@@std@@IBEXXZ 004086a0 f i FaceCtrl.obj
 0001:00007700       ?allocate@?$_Wrap_alloc@V?$allocator@PAVCGifImage@@@std@@@std@@QAEPAPAVCGifImage@@I@Z 00408700 f i FaceCtrl.obj
 0001:00007760       ?allocate@?$_Wrap_alloc@V?$allocator@U_Container_proxy@std@@@std@@@std@@QAEPAU_Container_proxy@2@I@Z 00408760 f i FaceCtrl.obj
 0001:000077c0       ?allocate@?$allocator@PAVCGifImage@@@std@@QAEPAPAVCGifImage@@I@Z 004087c0 f i FaceCtrl.obj
 0001:00007820       ?allocate@?$allocator@U_Container_proxy@std@@@std@@QAEPAU_Container_proxy@2@I@Z 00408820 f i FaceCtrl.obj
 0001:00007880       ?c_str@?$basic_string@_WU?$char_traits@_W@std@@V?$allocator@_W@2@@std@@QBEPB_WXZ 00408880 f i FaceCtrl.obj
 0001:000078d0       ?capacity@?$vector@PAVCGifImage@@V?$allocator@PAVCGifImage@@@std@@@std@@QBEIXZ 004088d0 f i FaceCtrl.obj
 0001:00007920       ?clear@?$vector@PAVCGifImage@@V?$allocator@PAVCGifImage@@@std@@@std@@QAEXXZ 00408920 f i FaceCtrl.obj
 0001:000079b0       ?construct@?$allocator@PAVCGifImage@@@std@@QAEXPAPAVCGifImage@@ABQAV3@@Z 004089b0 f i FaceCtrl.obj
 0001:00007a50       ?deallocate@?$_Wrap_alloc@V?$allocator@PAVCGifImage@@@std@@@std@@QAEXPAPAVCGifImage@@I@Z 00408a50 f i FaceCtrl.obj
 0001:00007ab0       ?deallocate@?$_Wrap_alloc@V?$allocator@U_Container_proxy@std@@@std@@@std@@QAEXPAU_Container_proxy@2@I@Z 00408ab0 f i FaceCtrl.obj
 0001:00007b10       ?deallocate@?$allocator@PAVCGifImage@@@std@@QAEXPAPAVCGifImage@@I@Z 00408b10 f i FaceCtrl.obj
 0001:00007b70       ?deallocate@?$allocator@U_Container_proxy@std@@@std@@QAEXPAU_Container_proxy@2@I@Z 00408b70 f i FaceCtrl.obj
 0001:00007bd0       ?max_size@?$_Wrap_alloc@V?$allocator@PAVCGifImage@@@std@@@std@@QBEIXZ 00408bd0 f i FaceCtrl.obj
 0001:00007c30       ?max_size@?$allocator@PAVCGifImage@@@std@@QBEIXZ 00408c30 f i FaceCtrl.obj
 0001:00007c70       ?max_size@?$allocator_traits@V?$allocator@PAVCGifImage@@@std@@@std@@SAIABV?$allocator@PAVCGifImage@@@2@@Z 00408c70 f i FaceCtrl.obj
 0001:00007cc0       ?max_size@?$vector@PAVCGifImage@@V?$allocator@PAVCGifImage@@@std@@@std@@QBEIXZ 00408cc0 f i FaceCtrl.obj
 0001:00007d20       ?push_back@?$vector@PAVCGifImage@@V?$allocator@PAVCGifImage@@@std@@@std@@QAEXABQAVCGifImage@@@Z 00408d20 f i FaceCtrl.obj
 0001:00007eb0       ?size@?$vector@PAVCFaceInfo@@V?$allocator@PAVCFaceInfo@@@std@@@std@@QBEIXZ 00408eb0 f i FaceCtrl.obj
 0001:00007f00       ?size@?$vector@PAVCGifImage@@V?$allocator@PAVCGifImage@@@std@@@std@@QBEIXZ 00408f00 f i FaceCtrl.obj
 0001:00007f50       ??$?8V?$allocator@_W@std@@V01@@std@@YA_NABU?$_Wrap_alloc@V?$allocator@_W@std@@@0@0@Z 00408f50 f i FaceList.obj
 0001:00007fc0       ??$?8_W_W@std@@YA_NABV?$allocator@_W@0@0@Z 00408fc0 f i FaceList.obj
 0001:00007ff0       ??$?9V?$allocator@_W@std@@V01@@std@@YA_NABU?$_Wrap_alloc@V?$allocator@_W@std@@@0@0@Z 00408ff0 f i FaceList.obj
 0001:00008070       ??$?H_WU?$char_traits@_W@std@@V?$allocator@_W@1@@std@@YA?AV?$basic_string@_WU?$char_traits@_W@std@@V?$allocator@_W@2@@0@$$QAV10@0@Z 00409070 f i FaceList.obj
 0001:00008190       ??$_Allocate@PAVCFaceInfo@@@std@@YAPAPAVCFaceInfo@@IPAPAV1@@Z 00409190 f i FaceList.obj
 0001:00008230       ??$_Allocate@_W@std@@YAPA_WIPA_W@Z 00409230 f i FaceList.obj
 0001:000082c0       ??$_Debug_pointer@PAVCFaceInfo@@@std@@YAXPAPAVCFaceInfo@@PB_WI@Z 004092c0 f i FaceList.obj
 0001:00008330       ??$_Debug_pointer@_W@std@@YAXPB_W0I@Z 00409330 f i FaceList.obj
 0001:000083a0       ??$_Debug_range2@PAPAVCFaceInfo@@@std@@YAXPAPAVCFaceInfo@@0PB_WIUrandom_access_iterator_tag@0@@Z 004093a0 f i FaceList.obj
 0001:00008450       ??$_Debug_range@PAPAVCFaceInfo@@@std@@YAXPAPAVCFaceInfo@@0PB_WI@Z 00409450 f i FaceList.obj
 0001:000084d0       ??$_Destroy_range@U?$_Wrap_alloc@V?$allocator@PAVCFaceInfo@@@std@@@std@@@std@@YAXPAPAVCFaceInfo@@0AAU?$_Wrap_alloc@V?$allocator@PAVCFaceInfo@@@std@@@0@@Z 004094d0 f i FaceList.obj
 0001:00008550       ??$_Destroy_range@U?$_Wrap_alloc@V?$allocator@PAVCFaceInfo@@@std@@@std@@@std@@YAXPAPAVCFaceInfo@@0AAU?$_Wrap_alloc@V?$allocator@PAVCFaceInfo@@@std@@@0@U_Scalar_ptr_iterator_tag@0@@Z 00409550 f i FaceList.obj
 0001:00008580       ??$_Iter_cat@PAPAVCFaceInfo@@@std@@YA?AUrandom_access_iterator_tag@0@ABQAPAVCFaceInfo@@@Z 00409580 f i FaceList.obj
 0001:00008600       ??$_Ptr_cat@PAVCFaceInfo@@PAV1@@std@@YA?AU_Scalar_ptr_iterator_tag@0@PAPAVCFaceInfo@@0@Z 00409600 f i FaceList.obj
 0001:00008670       ??$_Rechecked@PAPAVCFaceInfo@@PAPAV1@@std@@YAAAPAPAVCFaceInfo@@AAPAPAV1@PAPAV1@@Z 00409670 f i FaceList.obj
 0001:000086b0       ??$_Umove@PAPAVCFaceInfo@@@?$vector@PAVCFaceInfo@@V?$allocator@PAVCFaceInfo@@@std@@@std@@IAEPAPAVCFaceInfo@@PAPAV2@00@Z 004096b0 f i FaceList.obj
 0001:00008760       ??$_Unchecked@PAPAVCFaceInfo@@@std@@YAPAPAVCFaceInfo@@PAPAV1@@Z 00409760 f i FaceList.obj
 0001:000087a0       ??$_Uninit_move@PAPAVCFaceInfo@@PAPAV1@U?$_Wrap_alloc@V?$allocator@PAVCFaceInfo@@@std@@@std@@@std@@YAPAPAVCFaceInfo@@PAPAV1@00AAU?$_Wrap_alloc@V?$allocator@PAVCFaceInfo@@@std@@@0@@Z 004097a0 f i FaceList.obj
 0001:00008840       ??$_Uninit_move@PAVCFaceInfo@@PAV1@PAV1@@std@@YAPAPAVCFaceInfo@@PAPAV1@00AAU?$_Wrap_alloc@V?$allocator@PAVCFaceInfo@@@std@@@0@0U_Scalar_ptr_iterator_tag@0@@Z 00409840 f i FaceList.obj
 0001:00008900       ??$_Uninitialized_move@PAPAVCFaceInfo@@PAPAV1@U?$_Wrap_alloc@V?$allocator@PAVCFaceInfo@@@std@@@std@@@std@@YAPAPAVCFaceInfo@@PAPAV1@00AAU?$_Wrap_alloc@V?$allocator@PAVCFaceInfo@@@std@@@0@@Z 00409900 f i FaceList.obj
 0001:000089a0       ??$_Val_type@PAPAVCFaceInfo@@@std@@YAPAPAVCFaceInfo@@PAPAV1@@Z 004099a0 f i FaceList.obj
 0001:000089d0       ??$addressof@QAVCFaceInfo@@@std@@YAPBQAVCFaceInfo@@ABQAV1@@Z 004099d0 f i FaceList.obj
 0001:00008a10       ??$assign@V?$_String_iterator@V?$_String_val@U?$_Simple_types@_W@std@@@std@@@std@@@?$basic_string@_WU?$char_traits@_W@std@@V?$allocator@_W@2@@std@@QAEAAV01@V?$_String_iterator@V?$_String_val@U?$_Simple_types@_W@std@@@std@@@1@0@Z 00409a10 f i FaceList.obj
 0001:00008c30       ??$construct@PAVCFaceInfo@@AAPAV1@@?$_Wrap_alloc@V?$allocator@PAVCFaceInfo@@@std@@@std@@QAEXPAPAVCFaceInfo@@AAPAV2@@Z 00409c30 f i FaceList.obj
 0001:00008ca0       ??$construct@PAVCFaceInfo@@AAPAV1@@?$allocator@PAVCFaceInfo@@@std@@QAEXPAPAVCFaceInfo@@AAPAV2@@Z 00409ca0 f i FaceList.obj
 0001:00008da0       ??$construct@PAVCFaceInfo@@AAPAV1@@?$allocator_traits@V?$allocator@PAVCFaceInfo@@@std@@@std@@SAXAAV?$allocator@PAVCFaceInfo@@@1@PAPAVCFaceInfo@@AAPAV3@@Z 00409da0 f i FaceList.obj
 0001:00008e00       ??$construct@PAVCFaceInfo@@ABQAV1@@?$_Wrap_alloc@V?$allocator@PAVCFaceInfo@@@std@@@std@@QAEXPAPAVCFaceInfo@@ABQAV2@@Z 00409e00 f i FaceList.obj
 0001:00008e70       ??$construct@PAVCFaceInfo@@ABQAV1@@?$allocator_traits@V?$allocator@PAVCFaceInfo@@@std@@@std@@SAXAAV?$allocator@PAVCFaceInfo@@@1@PAPAVCFaceInfo@@ABQAV3@@Z 00409e70 f i FaceList.obj
 0001:00008ed0       ??$construct@PA_WAAPA_W@?$_Wrap_alloc@V?$allocator@_W@std@@@std@@QAEXPAPA_WAAPA_W@Z 00409ed0 f i FaceList.obj
 0001:00008f40       ??$construct@PA_WAAPA_W@?$allocator@_W@std@@QAEXPAPA_WAAPA_W@Z 00409f40 f i FaceList.obj
 0001:00009040       ??$construct@PA_WAAPA_W@?$allocator_traits@V?$allocator@_W@std@@@std@@SAXAAV?$allocator@_W@1@PAPA_WAAPA_W@Z 0040a040 f i FaceList.obj
 0001:000090a0       ??$destroy@PA_W@?$_Wrap_alloc@V?$allocator@_W@std@@@std@@QAEXPAPA_W@Z 0040a0a0 f i FaceList.obj
 0001:00009100       ??$destroy@PA_W@?$allocator@_W@std@@QAEXPAPA_W@Z 0040a100 f i FaceList.obj
 0001:00009140       ??$destroy@PA_W@?$allocator_traits@V?$allocator@_W@std@@@std@@SAXAAV?$allocator@_W@1@PAPA_W@Z 0040a140 f i FaceList.obj
 0001:00009190       ??$forward@AAPAVCFaceInfo@@@std@@YAAAPAVCFaceInfo@@AAPAV1@@Z 0040a190 f i FaceList.obj
 0001:000091d0       ??$forward@AAPA_W@std@@YAAAPA_WAAPA_W@Z 0040a1d0 f i FaceList.obj
 0001:00009210       ??$forward@ABQAVCFaceInfo@@@std@@YAABQAVCFaceInfo@@ABQAV1@@Z 0040a210 f i FaceList.obj
 0001:00009250       ??$forward@V?$basic_string@_WU?$char_traits@_W@std@@V?$allocator@_W@2@@std@@@std@@YA$$QAV?$basic_string@_WU?$char_traits@_W@std@@V?$allocator@_W@2@@0@AAV10@@Z 0040a250 f i FaceList.obj
 0001:00009290       ??$move@AAV?$basic_string@_WU?$char_traits@_W@std@@V?$allocator@_W@2@@std@@@std@@YA$$QAV?$basic_string@_WU?$char_traits@_W@std@@V?$allocator@_W@2@@0@AAV10@@Z 0040a290 f i FaceList.obj
 0001:000092d0       ??0?$_Iterator012@Urandom_access_iterator_tag@std@@_WHPB_WAB_WU_Iterator_base12@2@@std@@QAE@ABU01@@Z 0040a2d0 f i FaceList.obj
 0001:00009330       ??0?$_Iterator012@Urandom_access_iterator_tag@std@@_WHPB_WAB_WU_Iterator_base12@2@@std@@QAE@XZ 0040a330 f i FaceList.obj
 0001:00009390       ??0?$_String_alloc@$0A@U?$_String_base_types@_WV?$allocator@_W@std@@@std@@@std@@QAE@ABV?$allocator@_W@1@@Z 0040a390 f i FaceList.obj
 0001:00009440       ??0?$_String_const_iterator@V?$_String_val@U?$_Simple_types@_W@std@@@std@@@std@@QAE@ABV01@@Z 0040a440 f i FaceList.obj
 0001:000094b0       ??0?$_String_const_iterator@V?$_String_val@U?$_Simple_types@_W@std@@@std@@@std@@QAE@PB_WPBU_Container_base12@1@@Z 0040a4b0 f i FaceList.obj
 0001:00009570       ??0?$_String_iterator@V?$_String_val@U?$_Simple_types@_W@std@@@std@@@std@@QAE@ABV01@@Z 0040a570 f i FaceList.obj
 0001:000095d0       ??0?$_String_iterator@V?$_String_val@U?$_Simple_types@_W@std@@@std@@@std@@QAE@PA_WPBU_Container_base12@1@@Z 0040a5d0 f i FaceList.obj
 0001:00009630       ??0?$_String_val@U?$_Simple_types@_W@std@@@std@@QAE@XZ 0040a630 f i FaceList.obj
 0001:000096b0       ??0?$_Vector_alloc@$0A@U?$_Vec_base_types@PAVCFaceInfo@@V?$allocator@PAVCFaceInfo@@@std@@@std@@@std@@QAE@ABV?$allocator@PAVCFaceInfo@@@1@@Z 0040a6b0 f i FaceList.obj
 0001:00009760       ??0?$_Vector_val@U?$_Simple_types@PAVCFaceInfo@@@std@@@std@@QAE@XZ 0040a760 f i FaceList.obj
 0001:000097f0       ??0?$_Wrap_alloc@V?$allocator@PAVCFaceInfo@@@std@@@std@@QAE@XZ 0040a7f0 f i FaceList.obj
 0001:00009850       ??0?$_Wrap_alloc@V?$allocator@_W@std@@@std@@QAE@XZ 0040a850 f i FaceList.obj
 0001:000098b0       ??0?$allocator@PAVCFaceInfo@@@std@@QAE@XZ 0040a8b0 f i FaceList.obj
 0001:000098f0       ??0?$allocator@_W@std@@QAE@ABV01@@Z 0040a8f0 f i FaceList.obj
 0001:00009930       ??0?$allocator@_W@std@@QAE@XZ 0040a930 f i FaceList.obj
 0001:00009970       ??0?$basic_string@_WU?$char_traits@_W@std@@V?$allocator@_W@2@@std@@QAE@$$QAV01@@Z 0040a970 f i FaceList.obj
 0001:00009a10       ??0?$basic_string@_WU?$char_traits@_W@std@@V?$allocator@_W@2@@std@@QAE@XZ 0040aa10 f i FaceList.obj
 0001:00009ad0       ??0?$vector@PAVCFaceInfo@@V?$allocator@PAVCFaceInfo@@@std@@@std@@QAE@XZ 0040aad0 f i FaceList.obj
 0001:00009b40       ??0CFaceInfo@@QAE@XZ       0040ab40 f   FaceList.obj
 0001:00009c30       ??0CFaceList@@QAE@XZ       0040ac30 f   FaceList.obj
 0001:00009ce0       ??0_Iterator_base12@std@@QAE@ABU01@@Z 0040ace0 f i FaceList.obj
 0001:00009d60       ??0_Iterator_base12@std@@QAE@XZ 0040ad60 f i FaceList.obj
 0001:00009db0       ??1?$_Iterator012@Urandom_access_iterator_tag@std@@_WHPB_WAB_WU_Iterator_base12@2@@std@@QAE@XZ 0040adb0 f i FaceList.obj
 0001:00009e00       ??1?$_String_alloc@$0A@U?$_String_base_types@_WV?$allocator@_W@std@@@std@@@std@@QAE@XZ 0040ae00 f i FaceList.obj
 0001:00009e60       ??1?$_String_const_iterator@V?$_String_val@U?$_Simple_types@_W@std@@@std@@@std@@QAE@XZ 0040ae60 f i FaceList.obj
 0001:00009eb0       ??1?$_String_iterator@V?$_String_val@U?$_Simple_types@_W@std@@@std@@@std@@QAE@XZ 0040aeb0 f i FaceList.obj
 0001:00009f00       ??1?$_String_val@U?$_Simple_types@_W@std@@@std@@QAE@XZ 0040af00 f i FaceList.obj
 0001:00009f60       ??1?$_Vector_alloc@$0A@U?$_Vec_base_types@PAVCFaceInfo@@V?$allocator@PAVCFaceInfo@@@std@@@std@@@std@@QAE@XZ 0040af60 f i FaceList.obj
 0001:00009fc0       ??1?$_Vector_val@U?$_Simple_types@PAVCFaceInfo@@@std@@@std@@QAE@XZ 0040afc0 f i FaceList.obj
 0001:0000a020       ??1?$basic_string@_WU?$char_traits@_W@std@@V?$allocator@_W@2@@std@@QAE@XZ 0040b020 f i FaceList.obj
 0001:0000a080       ??1?$vector@PAVCFaceInfo@@V?$allocator@PAVCFaceInfo@@@std@@@std@@QAE@XZ 0040b080 f i FaceList.obj
 0001:0000a0e0       ??1CFaceInfo@@QAE@XZ       0040b0e0 f   FaceList.obj
 0001:0000a140       ??1CFaceList@@QAE@XZ       0040b140 f   FaceList.obj
 0001:0000a1f0       ??1_Iterator_base12@std@@QAE@XZ 0040b1f0 f i FaceList.obj
 0001:0000a2b0       ??4?$basic_string@_WU?$char_traits@_W@std@@V?$allocator@_W@2@@std@@QAEAAV01@$$QAV01@@Z 0040b2b0 f i FaceList.obj
 0001:0000a3d0       ??4?$basic_string@_WU?$char_traits@_W@std@@V?$allocator@_W@2@@std@@QAEAAV01@PB_W@Z 0040b3d0 f i FaceList.obj
 0001:0000a430       ??4_Iterator_base12@std@@QAEAAU01@ABU01@@Z 0040b430 f i FaceList.obj
 0001:0000a570       ??8?$_String_const_iterator@V?$_String_val@U?$_Simple_types@_W@std@@@std@@@std@@QBE_NABV01@@Z 0040b570 f i FaceList.obj
 0001:0000a600       ??D?$_String_const_iterator@V?$_String_val@U?$_Simple_types@_W@std@@@std@@@std@@QBEAB_WXZ 0040b600 f i FaceList.obj
 0001:0000a750       ??D?$_String_iterator@V?$_String_val@U?$_Simple_types@_W@std@@@std@@@std@@QBEAA_WXZ 0040b750 f i FaceList.obj
 0001:0000a7a0       ??G?$_String_const_iterator@V?$_String_val@U?$_Simple_types@_W@std@@@std@@@std@@QBEHABV01@@Z 0040b7a0 f i FaceList.obj
 0001:0000a810       ??G?$_String_iterator@V?$_String_val@U?$_Simple_types@_W@std@@@std@@@std@@QBEHABV?$_String_const_iterator@V?$_String_val@U?$_Simple_types@_W@std@@@std@@@1@@Z 0040b810 f i FaceList.obj
 0001:0000a900       ??_GCFaceInfo@@QAEPAXI@Z   0040b900 f i FaceList.obj
 0001:0000a970       ?GetFaceInfo@CFaceList@@QAEPAVCFaceInfo@@H@Z 0040b970 f   FaceList.obj
 0001:0000aa00       ?GetFaceInfoById@CFaceList@@QAEPAVCFaceInfo@@H@Z 0040ba00 f   FaceList.obj
 0001:0000aab0       ?GetFaceInfoByIndex@CFaceList@@QAEPAVCFaceInfo@@H@Z 0040bab0 f   FaceList.obj
 0001:0000ab60       ?LoadConfigFile@CFaceList@@QAEHPB_W@Z 0040bb60 f   FaceList.obj
 0001:0000b0d0       ?Reset@CFaceList@@QAEXXZ   0040c0d0 f   FaceList.obj
 0001:0000b210       ?_Adopt@_Iterator_base12@std@@QAEXPBU_Container_base12@2@@Z 0040c210 f i FaceList.obj
 0001:0000b3c0       ?_Alloc_proxy@?$_String_alloc@$0A@U?$_String_base_types@_WV?$allocator@_W@std@@@std@@@std@@QAEXXZ 0040c3c0 f i FaceList.obj
 0001:0000b490       ?_Alloc_proxy@?$_Vector_alloc@$0A@U?$_Vec_base_types@PAVCFaceInfo@@V?$allocator@PAVCFaceInfo@@@std@@@std@@@std@@QAEXXZ 0040c490 f i FaceList.obj
 0001:0000b560       ?_Assign_rv@?$basic_string@_WU?$char_traits@_W@std@@V?$allocator@_W@2@@std@@QAEX$$QAV12@@Z 0040c560 f i FaceList.obj
 0001:0000b650       ?_Change_alloc@?$_String_alloc@$0A@U?$_String_base_types@_WV?$allocator@_W@std@@@std@@@std@@QAEXABU?$_Wrap_alloc@V?$allocator@_W@std@@@2@@Z 0040c650 f i FaceList.obj
 0001:0000b690       ?_Compat@?$_String_const_iterator@V?$_String_val@U?$_Simple_types@_W@std@@@std@@@std@@QBEXABV12@@Z 0040c690 f i FaceList.obj
 0001:0000b7b0       ?_Copy@?$basic_string@_WU?$char_traits@_W@std@@V?$allocator@_W@2@@std@@QAEXII@Z 0040c7b0 f i FaceList.obj
 0001:0000ba70       ?_Destroy@?$vector@PAVCFaceInfo@@V?$allocator@PAVCFaceInfo@@@std@@@std@@IAEXPAPAVCFaceInfo@@0@Z 0040ca70 f i FaceList.obj
 0001:0000bb20       ?_Eos@?$basic_string@_WU?$char_traits@_W@std@@V?$allocator@_W@2@@std@@QAEXI@Z 0040cb20 f i FaceList.obj
 0001:0000bbb0       ?_Free_proxy@?$_String_alloc@$0A@U?$_String_base_types@_WV?$allocator@_W@std@@@std@@@std@@QAEXXZ 0040cbb0 f i FaceList.obj
 0001:0000bc90       ?_Free_proxy@?$_Vector_alloc@$0A@U?$_Vec_base_types@PAVCFaceInfo@@V?$allocator@PAVCFaceInfo@@@std@@@std@@@std@@QAEXXZ 0040cc90 f i FaceList.obj
 0001:0000bd70       ?_Getal@?$_String_alloc@$0A@U?$_String_base_types@_WV?$allocator@_W@std@@@std@@@std@@QBE?AU?$_Wrap_alloc@V?$allocator@_W@std@@@2@XZ 0040cd70 f i FaceList.obj
 0001:0000bdd0       ?_Getal@?$_Vector_alloc@$0A@U?$_Vec_base_types@PAVCFaceInfo@@V?$allocator@PAVCFaceInfo@@@std@@@std@@@std@@QBE?AU?$_Wrap_alloc@V?$allocator@PAVCFaceInfo@@@std@@@2@XZ 0040cdd0 f i FaceList.obj
 0001:0000be30       ?_Getcont@_Iterator_base12@std@@QBEPBU_Container_base12@2@XZ 0040ce30 f i FaceList.obj
 0001:0000bea0       ?_Grow@?$basic_string@_WU?$char_traits@_W@std@@V?$allocator@_W@2@@std@@QAE_NI_N@Z 0040cea0 f i FaceList.obj
 0001:0000bfc0       ?_Grow_to@?$vector@PAVCFaceInfo@@V?$allocator@PAVCFaceInfo@@@std@@@std@@IBEII@Z 0040cfc0 f i FaceList.obj
 0001:0000c070       ?_Inside@?$basic_string@_WU?$char_traits@_W@std@@V?$allocator@_W@2@@std@@QAE_NPB_W@Z 0040d070 f i FaceList.obj
 0001:0000c100       ?_Inside@?$vector@PAVCFaceInfo@@V?$allocator@PAVCFaceInfo@@@std@@@std@@IBE_NPBQAVCFaceInfo@@@Z 0040d100 f i FaceList.obj
 0001:0000c180       ?_Myptr@?$_String_val@U?$_Simple_types@_W@std@@@std@@QAEPA_WXZ 0040d180 f i FaceList.obj
 0001:0000c210       ?_Orphan_me@_Iterator_base12@std@@QAEXXZ 0040d210 f i FaceList.obj
 0001:0000c2e0       ?_Orphan_range@?$vector@PAVCFaceInfo@@V?$allocator@PAVCFaceInfo@@@std@@@std@@IBEXPAPAVCFaceInfo@@0@Z 0040d2e0 f i FaceList.obj
 0001:0000c460       ?_Pdif@?$basic_string@_WU?$char_traits@_W@std@@V?$allocator@_W@2@@std@@SAIV?$_String_const_iterator@V?$_String_val@U?$_Simple_types@_W@std@@@std@@@2@0@Z 0040d460 f i FaceList.obj
 0001:0000c550       ?_Reallocate@?$vector@PAVCFaceInfo@@V?$allocator@PAVCFaceInfo@@@std@@@std@@IAEXI@Z 0040d550 f i FaceList.obj
 0001:0000c730       ?_Reserve@?$vector@PAVCFaceInfo@@V?$allocator@PAVCFaceInfo@@@std@@@std@@IAEXI@Z 0040d730 f i FaceList.obj
 0001:0000c7e0       ?_Tidy@?$basic_string@_WU?$char_traits@_W@std@@V?$allocator@_W@2@@std@@QAEX_NI@Z 0040d7e0 f i FaceList.obj
 0001:0000c8f0       ?_Tidy@?$vector@PAVCFaceInfo@@V?$allocator@PAVCFaceInfo@@@std@@@std@@IAEXXZ 0040d8f0 f i FaceList.obj
 0001:0000c9d0       ?_Unused_capacity@?$vector@PAVCFaceInfo@@V?$allocator@PAVCFaceInfo@@@std@@@std@@QBEIXZ 0040d9d0 f i FaceList.obj
 0001:0000ca20       ?_Xlen@?$basic_string@_WU?$char_traits@_W@std@@V?$allocator@_W@2@@std@@QBEXXZ 0040da20 f i FaceList.obj
 0001:0000ca80       ?_Xlen@?$vector@PAVCFaceInfo@@V?$allocator@PAVCFaceInfo@@@std@@@std@@IBEXXZ 0040da80 f i FaceList.obj
 0001:0000cae0       ?_Xran@?$basic_string@_WU?$char_traits@_W@std@@V?$allocator@_W@2@@std@@QBEXXZ 0040dae0 f i FaceList.obj
 0001:0000cb40       ?allocate@?$_Wrap_alloc@V?$allocator@PAVCFaceInfo@@@std@@@std@@QAEPAPAVCFaceInfo@@I@Z 0040db40 f i FaceList.obj
 0001:0000cba0       ?allocate@?$_Wrap_alloc@V?$allocator@_W@std@@@std@@QAEPA_WI@Z 0040dba0 f i FaceList.obj
 0001:0000cc00       ?allocate@?$allocator@PAVCFaceInfo@@@std@@QAEPAPAVCFaceInfo@@I@Z 0040dc00 f i FaceList.obj
 0001:0000cc60       ?allocate@?$allocator@_W@std@@QAEPA_WI@Z 0040dc60 f i FaceList.obj
 0001:0000ccc0       ?append@?$basic_string@_WU?$char_traits@_W@std@@V?$allocator@_W@2@@std@@QAEAAV12@ABV12@@Z 0040dcc0 f i FaceList.obj
 0001:0000cd20       ?append@?$basic_string@_WU?$char_traits@_W@std@@V?$allocator@_W@2@@std@@QAEAAV12@ABV12@II@Z 0040dd20 f i FaceList.obj
 0001:0000ce40       ?assign@?$basic_string@_WU?$char_traits@_W@std@@V?$allocator@_W@2@@std@@QAEAAV12@ABV12@II@Z 0040de40 f i FaceList.obj
 0001:0000cf50       ?assign@?$basic_string@_WU?$char_traits@_W@std@@V?$allocator@_W@2@@std@@QAEAAV12@PB_W@Z 0040df50 f i FaceList.obj
 0001:0000cfe0       ?assign@?$basic_string@_WU?$char_traits@_W@std@@V?$allocator@_W@2@@std@@QAEAAV12@PB_WI@Z 0040dfe0 f i FaceList.obj
 0001:0000d0e0       ?assign@?$char_traits@_W@std@@SAXAA_WAB_W@Z 0040e0e0 f i FaceList.obj
 0001:0000d120       ?begin@?$basic_string@_WU?$char_traits@_W@std@@V?$allocator@_W@2@@std@@QAE?AV?$_String_iterator@V?$_String_val@U?$_Simple_types@_W@std@@@std@@@2@XZ 0040e120 f i FaceList.obj
 0001:0000d190       ?capacity@?$basic_string@_WU?$char_traits@_W@std@@V?$allocator@_W@2@@std@@QBEIXZ 0040e190 f i FaceList.obj
 0001:0000d1d0       ?capacity@?$vector@PAVCFaceInfo@@V?$allocator@PAVCFaceInfo@@@std@@@std@@QBEIXZ 0040e1d0 f i FaceList.obj
 0001:0000d220       ?clear@?$vector@PAVCFaceInfo@@V?$allocator@PAVCFaceInfo@@@std@@@std@@QAEXXZ 0040e220 f i FaceList.obj
 0001:0000d2b0       ?construct@?$allocator@PAVCFaceInfo@@@std@@QAEXPAPAVCFaceInfo@@ABQAV3@@Z 0040e2b0 f i FaceList.obj
 0001:0000d350       ?copy@?$char_traits@_W@std@@SAPA_WPA_WPB_WI@Z 0040e350 f i FaceList.obj
 0001:0000d3d0       ?deallocate@?$_Wrap_alloc@V?$allocator@PAVCFaceInfo@@@std@@@std@@QAEXPAPAVCFaceInfo@@I@Z 0040e3d0 f i FaceList.obj
 0001:0000d430       ?deallocate@?$_Wrap_alloc@V?$allocator@_W@std@@@std@@QAEXPA_WI@Z 0040e430 f i FaceList.obj
 0001:0000d490       ?deallocate@?$allocator@PAVCFaceInfo@@@std@@QAEXPAPAVCFaceInfo@@I@Z 0040e490 f i FaceList.obj
 0001:0000d4f0       ?deallocate@?$allocator@_W@std@@QAEXPA_WI@Z 0040e4f0 f i FaceList.obj
 0001:0000d550       ?end@?$basic_string@_WU?$char_traits@_W@std@@V?$allocator@_W@2@@std@@QAE?AV?$_String_iterator@V?$_String_val@U?$_Simple_types@_W@std@@@std@@@2@XZ 0040e550 f i FaceList.obj
 0001:0000d5c0       ?erase@?$basic_string@_WU?$char_traits@_W@std@@V?$allocator@_W@2@@std@@QAEAAV12@I@Z 0040e5c0 f i FaceList.obj
 0001:0000d640       ?erase@?$basic_string@_WU?$char_traits@_W@std@@V?$allocator@_W@2@@std@@QAEAAV12@II@Z 0040e640 f i FaceList.obj
 0001:0000d730       ?insert@?$basic_string@_WU?$char_traits@_W@std@@V?$allocator@_W@2@@std@@QAEAAV12@IABV12@@Z 0040e730 f i FaceList.obj
 0001:0000d790       ?insert@?$basic_string@_WU?$char_traits@_W@std@@V?$allocator@_W@2@@std@@QAEAAV12@IABV12@II@Z 0040e790 f i FaceList.obj
 0001:0000d970       ?length@?$char_traits@_W@std@@SAIPB_W@Z 0040e970 f i FaceList.obj
 0001:0000da00       ?max_size@?$_Wrap_alloc@V?$allocator@PAVCFaceInfo@@@std@@@std@@QBEIXZ 0040ea00 f i FaceList.obj
 0001:0000da60       ?max_size@?$_Wrap_alloc@V?$allocator@_W@std@@@std@@QBEIXZ 0040ea60 f i FaceList.obj
 0001:0000dac0       ?max_size@?$allocator@PAVCFaceInfo@@@std@@QBEIXZ 0040eac0 f i FaceList.obj
 0001:0000db00       ?max_size@?$allocator@_W@std@@QBEIXZ 0040eb00 f i FaceList.obj
 0001:0000db40       ?max_size@?$allocator_traits@V?$allocator@PAVCFaceInfo@@@std@@@std@@SAIABV?$allocator@PAVCFaceInfo@@@2@@Z 0040eb40 f i FaceList.obj
 0001:0000db90       ?max_size@?$allocator_traits@V?$allocator@_W@std@@@std@@SAIABV?$allocator@_W@2@@Z 0040eb90 f i FaceList.obj
 0001:0000dbe0       ?max_size@?$basic_string@_WU?$char_traits@_W@std@@V?$allocator@_W@2@@std@@QBEIXZ 0040ebe0 f i FaceList.obj
 0001:0000dc80       ?max_size@?$vector@PAVCFaceInfo@@V?$allocator@PAVCFaceInfo@@@std@@@std@@QBEIXZ 0040ec80 f i FaceList.obj
 0001:0000dce0       ?move@?$char_traits@_W@std@@SAPA_WPA_WPB_WI@Z 0040ece0 f i FaceList.obj
 0001:0000dd60       ?push_back@?$vector@PAVCFaceInfo@@V?$allocator@PAVCFaceInfo@@@std@@@std@@QAEXABQAVCFaceInfo@@@Z 0040ed60 f i FaceList.obj
 0001:0000def0       ?replace@?$basic_string@_WU?$char_traits@_W@std@@V?$allocator@_W@2@@std@@QAEAAV12@IIABV12@II@Z 0040eef0 f i FaceList.obj
 0001:0000e310       ?replace@?$basic_string@_WU?$char_traits@_W@std@@V?$allocator@_W@2@@std@@QAEAAV12@IIPB_WI@Z 0040f310 f i FaceList.obj
 0001:0000e550       ?replace@?$basic_string@_WU?$char_traits@_W@std@@V?$allocator@_W@2@@std@@QAEAAV12@V?$_String_const_iterator@V?$_String_val@U?$_Simple_types@_W@std@@@std@@@2@0V?$_String_iterator@V?$_String_val@U?$_Simple_types@_W@std@@@std@@@2@1@Z 0040f550 f i FaceList.obj
 0001:0000e8e0       ?size@?$basic_string@_WU?$char_traits@_W@std@@V?$allocator@_W@2@@std@@QBEIXZ 0040f8e0 f i FaceList.obj
 0001:0000e920       _wmemcpy                   0040f920 f i FaceList.obj
 0001:0000e980       _wmemmove                  0040f980 f i FaceList.obj
 0001:0000e9f0       ??0?$_Wrap_alloc@V?$allocator@_W@std@@@std@@QAE@ABV?$allocator@_W@1@@Z 0040f9f0 f i FaceSelDlg.obj
 0001:0000ea50       ??0?$basic_string@_WU?$char_traits@_W@std@@V?$allocator@_W@2@@std@@QAE@ABV01@@Z 0040fa50 f i FaceSelDlg.obj
 0001:0000eb40       ??0CFaceSelDlg@@QAE@XZ     0040fb40 f   FaceSelDlg.obj
 0001:0000ec70       ??1CFaceSelDlg@@UAE@XZ     0040fc70 f   FaceSelDlg.obj
 0001:0000ed10       ??4?$basic_string@_WU?$char_traits@_W@std@@V?$allocator@_W@2@@std@@QAEAAV01@ABV01@@Z 0040fd10 f i FaceSelDlg.obj
 0001:0000ede0       ??_ECFaceSelDlg@@UAEPAXI@Z 0040fde0 f i FaceSelDlg.obj
 0001:0000ede0       ??_GCFaceSelDlg@@UAEPAXI@Z 0040fde0 f i FaceSelDlg.obj
 0001:0000ee50       ?CreateControl@CFaceSelDlg@@UAEPAVCControlUI@DuiLib@@PB_W@Z 0040fe50 f   FaceSelDlg.obj
 0001:0000ef70       ?GetSelFaceFileName@CFaceSelDlg@@QAE?AV?$basic_string@_WU?$char_traits@_W@std@@V?$allocator@_W@2@@std@@XZ 0040ff70 f   FaceSelDlg.obj
 0001:0000eff0       ?GetSelFaceId@CFaceSelDlg@@QAEHXZ 0040fff0 f   FaceSelDlg.obj
 0001:0000f030       ?GetSelFaceIndex@CFaceSelDlg@@QAEHXZ 00410030 f   FaceSelDlg.obj
 0001:0000f070       ?GetSkinFile@CFaceSelDlg@@UAE?AVCStdString@DuiLib@@XZ 00410070 f   FaceSelDlg.obj
 0001:0000f100       ?GetSkinFolder@CFaceSelDlg@@UAE?AVCStdString@DuiLib@@XZ 00410100 f   FaceSelDlg.obj
 0001:0000f240       ?GetWindowClassName@CFaceSelDlg@@UBEPB_WXZ 00410240 f   FaceSelDlg.obj
 0001:0000f280       ?HandleCustomMessage@CFaceSelDlg@@UAEJIIJAAH@Z 00410280 f   FaceSelDlg.obj
 0001:0000f2c0       ?HandleMessage@CFaceSelDlg@@UAEJIIJ@Z 004102c0 f   FaceSelDlg.obj
 0001:0000f3d0       ?Init@CFaceSelDlg@@UAEXXZ  004103d0 f   FaceSelDlg.obj
 0001:0000f540       ?Notify@CFaceSelDlg@@MAEXAAUtagTNotifyUI@DuiLib@@@Z 00410540 f   FaceSelDlg.obj
 0001:0000f660       ?OnFinalMessage@CFaceSelDlg@@UAEXPAUHWND__@@@Z 00410660 f   FaceSelDlg.obj
 0001:0000f6c0       ?ResponseDefaultKeyEvent@CFaceSelDlg@@UAEJI@Z 004106c0 f   FaceSelDlg.obj
 0001:0000f720       ?SetFaceList@CFaceSelDlg@@QAEXPAVCFaceList@@@Z 00410720 f   FaceSelDlg.obj
 0001:0000f770       ?assign@?$basic_string@_WU?$char_traits@_W@std@@V?$allocator@_W@2@@std@@QAEAAV12@ABV12@@Z 00410770 f i FaceSelDlg.obj
 0001:0000f7d0       ?select_on_container_copy_construction@?$_Wrap_alloc@V?$allocator@_W@std@@@std@@QBE?AU12@XZ 004107d0 f i FaceSelDlg.obj
 0001:0000f840       ?select_on_container_copy_construction@?$allocator@_W@std@@QBE?AV12@XZ 00410840 f i FaceSelDlg.obj
 0001:0000f8a0       ?select_on_container_copy_construction@?$allocator_traits@V?$allocator@_W@std@@@std@@SA?AV?$allocator@_W@2@ABV32@@Z 004108a0 f i FaceSelDlg.obj
 0001:0000f900       ??$?8_WU?$char_traits@_W@std@@V?$allocator@_W@1@@std@@YA_NABV?$basic_string@_WU?$char_traits@_W@std@@V?$allocator@_W@2@@0@PB_W@Z 00410900 f i FileDialogEx.obj
 0001:0000f980       ??$?9_WU?$char_traits@_W@std@@V?$allocator@_W@1@@std@@YA_NABV?$basic_string@_WU?$char_traits@_W@std@@V?$allocator@_W@2@@0@PB_W@Z 00410980 f i FileDialogEx.obj
 0001:0000fa00       ??$?H_WU?$char_traits@_W@std@@V?$allocator@_W@1@@std@@YA?AV?$basic_string@_WU?$char_traits@_W@std@@V?$allocator@_W@2@@0@ABV10@0@Z 00410a00 f i FileDialogEx.obj
 0001:0000fb60       ??0?$basic_string@_WU?$char_traits@_W@std@@V?$allocator@_W@2@@std@@QAE@ABV01@IIABV?$allocator@_W@1@@Z 00410b60 f i FileDialogEx.obj
 0001:0000fc30       ??0?$basic_string@_WU?$char_traits@_W@std@@V?$allocator@_W@2@@std@@QAE@PB_W@Z 00410c30 f i FileDialogEx.obj
 0001:0000fd00       ??0CFileDialogEx@@QAE@XZ   00410d00 f   FileDialogEx.obj
 0001:0000fe20       ??1CFileDialogEx@@QAE@XZ   00410e20 f   FileDialogEx.obj
 0001:0000feb0       ??Y?$basic_string@_WU?$char_traits@_W@std@@V?$allocator@_W@2@@std@@QAEAAV01@ABV01@@Z 00410eb0 f i FileDialogEx.obj
 0001:0000ff10       ??Y?$basic_string@_WU?$char_traits@_W@std@@V?$allocator@_W@2@@std@@QAEAAV01@PB_W@Z 00410f10 f i FileDialogEx.obj
 0001:0000ff70       ?GetFileExt@CFileDialogEx@@QAE?AV?$basic_string@_WU?$char_traits@_W@std@@V?$allocator@_W@2@@std@@XZ 00410f70 f   FileDialogEx.obj
 0001:0000fff0       ?GetFileName@CFileDialogEx@@QAE?AV?$basic_string@_WU?$char_traits@_W@std@@V?$allocator@_W@2@@std@@XZ 00410ff0 f   FileDialogEx.obj
 0001:00010070       ?GetFileTitleW@CFileDialogEx@@QAE?AV?$basic_string@_WU?$char_traits@_W@std@@V?$allocator@_W@2@@std@@XZ 00411070 f   FileDialogEx.obj
 0001:000100f0       ?GetFolderPath@CFileDialogEx@@QAE?AV?$basic_string@_WU?$char_traits@_W@std@@V?$allocator@_W@2@@std@@XZ 004110f0 f   FileDialogEx.obj
 0001:00010170       ?GetNextPathName@CFileDialogEx@@QAE?AV?$basic_string@_WU?$char_traits@_W@std@@V?$allocator@_W@2@@std@@AAPAU__POSITION@@@Z 00411170 f   FileDialogEx.obj
 0001:00010500       ?GetPathName@CFileDialogEx@@QAE?AV?$basic_string@_WU?$char_traits@_W@std@@V?$allocator@_W@2@@std@@XZ 00411500 f   FileDialogEx.obj
 0001:00010580       ?GetStartPosition@CFileDialogEx@@QAEPAU__POSITION@@XZ 00411580 f   FileDialogEx.obj
 0001:000105c0       ?SetDefExt@CFileDialogEx@@QAEXPB_W@Z 004115c0 f   FileDialogEx.obj
 0001:00010630       ?SetFileName@CFileDialogEx@@QAEXPB_W@Z 00411630 f   FileDialogEx.obj
 0001:000106b0       ?SetFileNameBufferSize@CFileDialogEx@@QAEXK@Z 004116b0 f   FileDialogEx.obj
 0001:00010820       ?SetFilter@CFileDialogEx@@QAEXPB_W@Z 00411820 f   FileDialogEx.obj
 0001:00010910       ?SetFlags@CFileDialogEx@@QAEXK@Z 00411910 f   FileDialogEx.obj
 0001:00010960       ?SetMultiSel@CFileDialogEx@@QAEXH@Z 00411960 f   FileDialogEx.obj
 0001:000109d0       ?SetParentWnd@CFileDialogEx@@QAEXPAUHWND__@@@Z 004119d0 f   FileDialogEx.obj
 0001:00010a20       ?SetTitle@CFileDialogEx@@QAEXPB_W@Z 00411a20 f   FileDialogEx.obj
 0001:00010a70       ?ShowOpenFileDlg@CFileDialogEx@@QAEHXZ 00411a70 f   FileDialogEx.obj
 0001:00010ad0       ?ShowSaveFileDlg@CFileDialogEx@@QAEHXZ 00411ad0 f   FileDialogEx.obj
 0001:00010b30       ?append@?$basic_string@_WU?$char_traits@_W@std@@V?$allocator@_W@2@@std@@QAEAAV12@PB_W@Z 00411b30 f i FileDialogEx.obj
 0001:00010bc0       ?append@?$basic_string@_WU?$char_traits@_W@std@@V?$allocator@_W@2@@std@@QAEAAV12@PB_WI@Z 00411bc0 f i FileDialogEx.obj
 0001:00010d00       ?compare@?$basic_string@_WU?$char_traits@_W@std@@V?$allocator@_W@2@@std@@QBEHIIPB_WI@Z 00411d00 f i FileDialogEx.obj
 0001:00010e70       ?compare@?$basic_string@_WU?$char_traits@_W@std@@V?$allocator@_W@2@@std@@QBEHPB_W@Z 00411e70 f i FileDialogEx.obj
 0001:00010f00       ?compare@?$char_traits@_W@std@@SAHPB_W0I@Z 00411f00 f i FileDialogEx.obj
 0001:00010f80       ?get_allocator@?$basic_string@_WU?$char_traits@_W@std@@V?$allocator@_W@2@@std@@QBE?AV?$allocator@_W@2@XZ 00411f80 f i FileDialogEx.obj
 0001:00010ff0       ?length@?$basic_string@_WU?$char_traits@_W@std@@V?$allocator@_W@2@@std@@QBEIXZ 00411ff0 f i FileDialogEx.obj
 0001:00011030       ?reserve@?$basic_string@_WU?$char_traits@_W@std@@V?$allocator@_W@2@@std@@QAEXI@Z 00412030 f i FileDialogEx.obj
 0001:000110d0       ?substr@?$basic_string@_WU?$char_traits@_W@std@@V?$allocator@_W@2@@std@@QBE?AV12@II@Z 004120d0 f i FileDialogEx.obj
 0001:00011170       __wcsinc                   00412170 f i FileDialogEx.obj
 0001:000111b0       _wmemcmp                   004121b0 f i FileDialogEx.obj
 0001:00011260       ??0CGifImage@@QAE@XZ       00412260 f   GifImage.obj
 0001:000112d0       ??0Graphics@Gdiplus@@QAE@PAUHDC__@@@Z 004122d0 f i GifImage.obj
 0001:00011390       ??0Image@Gdiplus@@IAE@PAVGpImage@1@W4Status@1@@Z 00412390 f i GifImage.obj
 0001:00011400       ??0Image@Gdiplus@@QAE@PB_WH@Z 00412400 f i GifImage.obj
 0001:000114b0       ??0Rect@Gdiplus@@QAE@HHHH@Z 004124b0 f i GifImage.obj
 0001:00011520       ??1CGifImage@@QAE@XZ       00412520 f   GifImage.obj
 0001:00011570       ??1Graphics@Gdiplus@@QAE@XZ 00412570 f i GifImage.obj
 0001:000115d0       ??1Image@Gdiplus@@UAE@XZ   004125d0 f i GifImage.obj
 0001:00011630       ??2GdiplusBase@Gdiplus@@SAPAXI@Z 00412630 f i GifImage.obj
 0001:00011680       ??3GdiplusBase@Gdiplus@@SAXPAX@Z 00412680 f i GifImage.obj
 0001:000116d0       ??_GImage@Gdiplus@@UAEPAXI@Z 004126d0 f i GifImage.obj
 0001:000116d0       ??_EImage@Gdiplus@@UAEPAXI@Z 004126d0 f i GifImage.obj
 0001:00011740       ?ActiveNextFrame@CGifImage@@QAEXXZ 00412740 f   GifImage.obj
 0001:00011870       ?Clone@Image@Gdiplus@@UAEPAV12@XZ 00412870 f i GifImage.obj
 0001:000119d0       ?Destroy@CGifImage@@QAEXXZ 004129d0 f   GifImage.obj
 0001:00011ae0       ?Draw@CGifImage@@QAEHPAUHDC__@@ABUtagRECT@@H@Z 00412ae0 f   GifImage.obj
 0001:00011cb0       ?Draw@CGifImage@@QAEHPAUHDC__@@HHH@Z 00412cb0 f   GifImage.obj
 0001:00011e10       ?DrawImage@Graphics@Gdiplus@@QAE?AW4Status@2@PAVImage@2@ABVRect@2@@Z 00412e10 f i GifImage.obj
 0001:00011e90       ?DrawImage@Graphics@Gdiplus@@QAE?AW4Status@2@PAVImage@2@HH@Z 00412e90 f i GifImage.obj
 0001:00011f30       ?DrawImage@Graphics@Gdiplus@@QAE?AW4Status@2@PAVImage@2@HHHH@Z 00412f30 f i GifImage.obj
 0001:00011fe0       ?GetCurFramePos@CGifImage@@QAEIXZ 00412fe0 f   GifImage.obj
 0001:00012020       ?GetEncoderClsidByExtension@CGifImage@@AAE?AU_GUID@@PB_W@Z 00413020 f   GifImage.obj
 0001:000124e0       ?GetFrameCount@CGifImage@@QAEIXZ 004134e0 f   GifImage.obj
 0001:00012520       ?GetFrameCount@Image@Gdiplus@@QAEIPBU_GUID@@@Z 00413520 f i GifImage.obj
 0001:000125e0       ?GetFrameDelay@CGifImage@@QAEJH@Z 004135e0 f   GifImage.obj
 0001:00012690       ?GetFrameDimensionsCount@Image@Gdiplus@@QAEIXZ 00413690 f i GifImage.obj
 0001:00012740       ?GetFrameDimensionsList@Image@Gdiplus@@QAE?AW4Status@2@PAU_GUID@@I@Z 00413740 f i GifImage.obj
 0001:000127b0       ?GetHeight@CGifImage@@QAEHXZ 004137b0 f   GifImage.obj
 0001:00012820       ?GetHeight@Image@Gdiplus@@QAEIXZ 00413820 f i GifImage.obj
 0001:000128d0       ?GetImageEncoders@Gdiplus@@YA?AW4Status@1@IIPAVImageCodecInfo@1@@Z 004138d0 f i GifImage.obj
 0001:00012930       ?GetImageEncodersSize@Gdiplus@@YA?AW4Status@1@PAI0@Z 00413930 f i GifImage.obj
 0001:00012980       ?GetLastStatus@Image@Gdiplus@@QBE?AW4Status@2@XZ 00413980 f i GifImage.obj
 0001:000129d0       ?GetPropertyItem@Image@Gdiplus@@QAE?AW4Status@2@KIPAVPropertyItem@2@@Z 004139d0 f i GifImage.obj
 0001:00012a40       ?GetPropertyItemSize@Image@Gdiplus@@QAEIK@Z 00413a40 f i GifImage.obj
 0001:00012af0       ?GetRawFormat@CGifImage@@QAEHPAU_GUID@@@Z 00413af0 f   GifImage.obj
 0001:00012b80       ?GetRawFormat@Image@Gdiplus@@QAE?AW4Status@2@PAU_GUID@@@Z 00413b80 f i GifImage.obj
 0001:00012bf0       ?GetWidth@CGifImage@@QAEHXZ 00413bf0 f   GifImage.obj
 0001:00012c60       ?GetWidth@Image@Gdiplus@@QAEIXZ 00413c60 f i GifImage.obj
 0001:00012d10       ?IsAnimatedGif@CGifImage@@QAEHXZ 00413d10 f   GifImage.obj
 0001:00012d80       ?LoadFromBuffer@CGifImage@@QAEHPBEK@Z 00413d80 f   GifImage.obj
 0001:00012dc0       ?LoadFromFile@CGifImage@@QAEHPB_W@Z 00413dc0 f   GifImage.obj
 0001:000131a0       ?LoadFromIStream@CGifImage@@QAEHPAUIStream@@@Z 004141a0 f   GifImage.obj
 0001:000131e0       ?LoadFromResource@CGifImage@@QAEHPAUHINSTANCE__@@IPB_W@Z 004141e0 f   GifImage.obj
 0001:00013220       ?LoadFromResource@CGifImage@@QAEHPAUHINSTANCE__@@PB_W1@Z 00414220 f   GifImage.obj
 0001:00013260       ?Save@Image@Gdiplus@@QAE?AW4Status@2@PB_WPBU_GUID@@PBVEncoderParameters@2@@Z 00414260 f i GifImage.obj
 0001:000132d0       ?SaveAsFile@CGifImage@@QAEHPB_W@Z 004142d0 f   GifImage.obj
 0001:00013430       ?SelectActiveFrame@CGifImage@@QAEXH@Z 00414430 f   GifImage.obj
 0001:00013520       ?SelectActiveFrame@Image@Gdiplus@@QAE?AW4Status@2@PBU_GUID@@I@Z 00414520 f i GifImage.obj
 0001:00013590       ?SetNativeGraphics@Graphics@Gdiplus@@IAEXPAVGpGraphics@2@@Z 00414590 f i GifImage.obj
 0001:000135e0       ?SetNativeImage@Image@Gdiplus@@IAEXPAVGpImage@2@@Z 004145e0 f i GifImage.obj
 0001:00013630       ?SetStatus@Graphics@Gdiplus@@IBE?AW4Status@2@W432@@Z 00414630 f i GifImage.obj
 0001:00013690       ?SetStatus@Image@Gdiplus@@IBE?AW4Status@2@W432@@Z 00414690 f i GifImage.obj
 0001:000136f0       ?wcsrchr@@YAPA_WPA_W_W@Z   004146f0 f i GifImage.obj
 0001:00013750       _==                        00414750 f i GifImage.obj
 0001:000137d0       _IsEqualGUID               004147d0 f i GifImage.obj
 0001:00013850       ??$?8_WU?$char_traits@_W@std@@V?$allocator@_W@1@@std@@YA_NABV?$basic_string@_WU?$char_traits@_W@std@@V?$allocator@_W@2@@0@0@Z 00414850 f i MainWindow.obj
 0001:000138d0       ??$?9_WU?$char_traits@_W@std@@V?$allocator@_W@1@@std@@YA_NABV?$basic_string@_WU?$char_traits@_W@std@@V?$allocator@_W@2@@0@0@Z 004148d0 f i MainWindow.obj
 0001:00013950       ??$?H_WU?$char_traits@_W@std@@V?$allocator@_W@1@@std@@YA?AV?$basic_string@_WU?$char_traits@_W@std@@V?$allocator@_W@2@@0@$$QAV10@PB_W@Z 00414950 f i MainWindow.obj
 0001:000139e0       ??$?H_WU?$char_traits@_W@std@@V?$allocator@_W@1@@std@@YA?AV?$basic_string@_WU?$char_traits@_W@std@@V?$allocator@_W@2@@0@PB_W$$QAV10@@Z 004149e0 f i MainWindow.obj
 0001:00013a70       ??0CFontInfo@@QAE@XZ       00414a70 f   MainWindow.obj
 0001:00013b60       ??0CMainWindow@@QAE@XZ     00414b60 f   MainWindow.obj
 0001:00013e10       ??0STRINGorID@DuiLib@@QAE@PB_W@Z 00414e10 f i MainWindow.obj
 0001:00013e60       ??1CFontInfo@@QAE@XZ       00414e60 f   MainWindow.obj
 0001:00013ec0       ??1CMainWindow@@UAE@XZ     00414ec0 f   MainWindow.obj
 0001:00013ff0       ??Y?$basic_string@_WU?$char_traits@_W@std@@V?$allocator@_W@2@@std@@QAEAAV01@_W@Z 00414ff0 f i MainWindow.obj
 0001:00014050       ??_ECMainWindow@@UAEPAXI@Z 00415050 f i MainWindow.obj
 0001:00014050       ??_GCMainWindow@@UAEPAXI@Z 00415050 f i MainWindow.obj
 0001:000140c0       ?AddMsg@CMainWindow@@IAEXPAVCRichEditUI@DuiLib@@PB_W@Z 004150c0 f   MainWindow.obj
 0001:00014330       ?AddMsgToRecvEdit@CMainWindow@@IAEXPB_W@Z 00415330 f   MainWindow.obj
 0001:000146c0       ?AddMsgToSendEdit@CMainWindow@@IAEXPB_W@Z 004156c0 f   MainWindow.obj
 0001:00014760       ?CreateControl@CMainWindow@@UAEPAVCControlUI@DuiLib@@PB_W@Z 00415760 f   MainWindow.obj
 0001:000147a0       ?GetSkinFile@CMainWindow@@UAE?AVCStdString@DuiLib@@XZ 004157a0 f   MainWindow.obj
 0001:00014830       ?GetSkinFolder@CMainWindow@@UAE?AVCStdString@DuiLib@@XZ 00415830 f   MainWindow.obj
 0001:00014970       ?GetWindowClassName@CMainWindow@@UBEPB_WXZ 00415970 f   MainWindow.obj
 0001:000149b0       ?HandleCustomMessage@CMainWindow@@UAEJIIJAAH@Z 004159b0 f   MainWindow.obj
 0001:000149f0       ?HandleCustomPic@CMainWindow@@IAEHPAVCRichEditUI@DuiLib@@AAPB_WAAV?$basic_string@_WU?$char_traits@_W@std@@V?$allocator@_W@2@@std@@@Z 004159f0 f   MainWindow.obj
 0001:00014bf0       ?HandleMessage@CMainWindow@@UAEJIIJ@Z 00415bf0 f   MainWindow.obj
 0001:00014e70       ?HandleSysFaceId@CMainWindow@@IAEHPAVCRichEditUI@DuiLib@@AAPB_WAAV?$basic_string@_WU?$char_traits@_W@std@@V?$allocator@_W@2@@std@@@Z 00415e70 f   MainWindow.obj
 0001:00014fc0       ?HandleSysFaceIndex@CMainWindow@@IAEHPAVCRichEditUI@DuiLib@@AAPB_WAAV?$basic_string@_WU?$char_traits@_W@std@@V?$allocator@_W@2@@std@@@Z 00415fc0 f   MainWindow.obj
 0001:00015110       ?Init@CMainWindow@@UAEXXZ  00416110 f   MainWindow.obj
 0001:000157f0       ?Notify@CMainWindow@@MAEXAAUtagTNotifyUI@DuiLib@@@Z 004167f0 f   MainWindow.obj
 0001:00015ef0       ?OnBtn_Bold@CMainWindow@@IAEXAAUtagTNotifyUI@DuiLib@@@Z 00416ef0 f   MainWindow.obj
 0001:00016060       ?OnBtn_Close@CMainWindow@@IAEXAAUtagTNotifyUI@DuiLib@@@Z 00417060 f   MainWindow.obj
 0001:000160e0       ?OnBtn_Color@CMainWindow@@IAEXAAUtagTNotifyUI@DuiLib@@@Z 004170e0 f   MainWindow.obj
 0001:000162c0       ?OnBtn_Face@CMainWindow@@IAEXAAUtagTNotifyUI@DuiLib@@@Z 004172c0 f   MainWindow.obj
 0001:00016520       ?OnBtn_Font@CMainWindow@@IAEXAAUtagTNotifyUI@DuiLib@@@Z 00417520 f   MainWindow.obj
 0001:00016600       ?OnBtn_Image@CMainWindow@@IAEXAAUtagTNotifyUI@DuiLib@@@Z 00417600 f   MainWindow.obj
 0001:000167f0       ?OnBtn_Italic@CMainWindow@@IAEXAAUtagTNotifyUI@DuiLib@@@Z 004177f0 f   MainWindow.obj
 0001:00016960       ?OnBtn_Max@CMainWindow@@IAEXAAUtagTNotifyUI@DuiLib@@@Z 00417960 f   MainWindow.obj
 0001:000169d0       ?OnBtn_Min@CMainWindow@@IAEXAAUtagTNotifyUI@DuiLib@@@Z 004179d0 f   MainWindow.obj
 0001:00016a40       ?OnBtn_Restore@CMainWindow@@IAEXAAUtagTNotifyUI@DuiLib@@@Z 00417a40 f   MainWindow.obj
 0001:00016ab0       ?OnBtn_Send@CMainWindow@@IAEXAAUtagTNotifyUI@DuiLib@@@Z 00417ab0 f   MainWindow.obj
 0001:00016c90       ?OnBtn_UnderLine@CMainWindow@@IAEXAAUtagTNotifyUI@DuiLib@@@Z 00417c90 f   MainWindow.obj
 0001:00016e00       ?OnCbo_SelChange_FontName@CMainWindow@@IAEXAAUtagTNotifyUI@DuiLib@@@Z 00417e00 f   MainWindow.obj
 0001:00017070       ?OnCbo_SelChange_FontSize@CMainWindow@@IAEXAAUtagTNotifyUI@DuiLib@@@Z 00418070 f   MainWindow.obj
 0001:000172f0       ?OnClose@CMainWindow@@UAEJIIJAAH@Z 004182f0 f   MainWindow.obj
 0001:00017380       ?OnFaceCtrlSel@CMainWindow@@IAEJIIJ@Z 00418380 f   MainWindow.obj
 0001:00017550       ?OnFinalMessage@CMainWindow@@UAEXPAUHWND__@@@Z 00418550 f   MainWindow.obj
 0001:000175b0       ?OnLButtonDblClk@CMainWindow@@IAEJIIJ@Z 004185b0 f   MainWindow.obj
 0001:00017800       ?OnMenu_Clear@CMainWindow@@IAEXAAUtagTNotifyUI@DuiLib@@@Z 00418800 f   MainWindow.obj
 0001:00017880       ?OnMenu_Copy@CMainWindow@@IAEXAAUtagTNotifyUI@DuiLib@@@Z 00418880 f   MainWindow.obj
 0001:00017940       ?OnMenu_Cut@CMainWindow@@IAEXAAUtagTNotifyUI@DuiLib@@@Z 00418940 f   MainWindow.obj
 0001:000179b0       ?OnMenu_Paste@CMainWindow@@IAEXAAUtagTNotifyUI@DuiLib@@@Z 004189b0 f   MainWindow.obj
 0001:00017a20       ?OnMenu_SaveAs@CMainWindow@@IAEXAAUtagTNotifyUI@DuiLib@@@Z 00418a20 f   MainWindow.obj
 0001:00018120       ?OnMenu_SelAll@CMainWindow@@IAEXAAUtagTNotifyUI@DuiLib@@@Z 00419120 f   MainWindow.obj
 0001:000181f0       ?OnMenu_ZoomRatio@CMainWindow@@IAEXAAUtagTNotifyUI@DuiLib@@@Z 004191f0 f   MainWindow.obj
 0001:00018540       ?OnMouseMove@CMainWindow@@IAEJIIJ@Z 00419540 f   MainWindow.obj
 0001:00018ac0       ?OnRButtonDown@CMainWindow@@IAEJIIJ@Z 00419ac0 f   MainWindow.obj
 0001:00019180       ?OnSysCommand@CMainWindow@@UAEJIIJAAH@Z 0041a180 f   MainWindow.obj
 0001:00019350       ?OnTimer@CMainWindow@@IAEXAAUtagTNotifyUI@DuiLib@@@Z 0041a350 f   MainWindow.obj
 0001:00019390       ?ResponseDefaultKeyEvent@CMainWindow@@UAEJI@Z 0041a390 f   MainWindow.obj
 0001:000193f0       ?_Chassign@?$basic_string@_WU?$char_traits@_W@std@@V?$allocator@_W@2@@std@@QAEXII_W@Z 0041a3f0 f i MainWindow.obj
 0001:00019490       ?_RichEdit_InsertFace@CMainWindow@@IAEHPAVCRichEditUI@DuiLib@@PB_WHH@Z 0041a490 f   MainWindow.obj
 0001:000195f0       ?_RichEdit_ReplaceSel@CMainWindow@@IAEXPAVCRichEditUI@DuiLib@@PB_W@Z 0041a5f0 f   MainWindow.obj
 0001:00019710       ?append@?$basic_string@_WU?$char_traits@_W@std@@V?$allocator@_W@2@@std@@QAEAAV12@I_W@Z 0041a710 f i MainWindow.obj
 0001:000197e0       ?assign@?$char_traits@_W@std@@SAPA_WPA_WI_W@Z 0041a7e0 f i MainWindow.obj
 0001:00019840       ?compare@?$basic_string@_WU?$char_traits@_W@std@@V?$allocator@_W@2@@std@@QBEHABV12@@Z 0041a840 f i MainWindow.obj
 0001:000198c0       ?empty@?$basic_string@_WU?$char_traits@_W@std@@V?$allocator@_W@2@@std@@QBE_NXZ 0041a8c0 f i MainWindow.obj
 0001:00019930       ?insert@?$basic_string@_WU?$char_traits@_W@std@@V?$allocator@_W@2@@std@@QAEAAV12@IPB_W@Z 0041a930 f i MainWindow.obj
 0001:000199c0       ?insert@?$basic_string@_WU?$char_traits@_W@std@@V?$allocator@_W@2@@std@@QAEAAV12@IPB_WI@Z 0041a9c0 f i MainWindow.obj
 0001:00019b60       _InlineIsEqualGUID         0041ab60 f i MainWindow.obj
 0001:00019cb0       _wmemset                   0041acb0 f i MainWindow.obj
 0001:00019d20       ??0?$_String_const_iterator@V?$_String_val@U?$_Simple_types@_W@std@@@std@@@std@@QAE@XZ 0041ad20 f i Path.obj
 0001:00019d80       ??0?$_String_iterator@V?$_String_val@U?$_Simple_types@_W@std@@@std@@@std@@QAE@XZ 0041ad80 f i Path.obj
 0001:00019de0       ??0CPath@ZYM@@QAE@XZ       0041ade0 f   Path.obj
 0001:00019e20       ??1CPath@ZYM@@QAE@XZ       0041ae20 f   Path.obj
 0001:00019e60       ??4?$_Iterator012@Urandom_access_iterator_tag@std@@_WHPB_WAB_WU_Iterator_base12@2@@std@@QAEAAU01@ABU01@@Z 0041ae60 f i Path.obj
 0001:00019ec0       ??4?$_String_const_iterator@V?$_String_val@U?$_Simple_types@_W@std@@@std@@@std@@QAEAAV01@ABV01@@Z 0041aec0 f i Path.obj
 0001:00019f30       ??4?$_String_iterator@V?$_String_val@U?$_Simple_types@_W@std@@@std@@@std@@QAEAAV01@ABV01@@Z 0041af30 f i Path.obj
 0001:00019f90       ??E?$_String_const_iterator@V?$_String_val@U?$_Simple_types@_W@std@@@std@@@std@@QAEAAV01@XZ 0041af90 f i Path.obj
 0001:0001a0e0       ??E?$_String_iterator@V?$_String_val@U?$_Simple_types@_W@std@@@std@@@std@@QAE?AV01@H@Z 0041b0e0 f i Path.obj
 0001:0001a200       ??E?$_String_iterator@V?$_String_val@U?$_Simple_types@_W@std@@@std@@@std@@QAEAAV01@XZ 0041b200 f i Path.obj
 0001:0001a260       ??M?$_String_const_iterator@V?$_String_val@U?$_Simple_types@_W@std@@@std@@@std@@QBE_NABV01@@Z 0041b260 f i Path.obj
 0001:0001a2f0       ?CreateDirectoryW@CPath@ZYM@@SAHPB_WPAU_SECURITY_ATTRIBUTES@@@Z 0041b2f0 f   Path.obj
 0001:0001a5e0       ?GetAppPath@CPath@ZYM@@SA?AV?$basic_string@_WU?$char_traits@_W@std@@V?$allocator@_W@2@@std@@XZ 0041b5e0 f   Path.obj
 0001:0001a730       ?GetCurDir@CPath@ZYM@@SA?AV?$basic_string@_WU?$char_traits@_W@std@@V?$allocator@_W@2@@std@@XZ 0041b730 f   Path.obj
 0001:0001a8a0       ?GetDirectoryName@CPath@ZYM@@SA?AV?$basic_string@_WU?$char_traits@_W@std@@V?$allocator@_W@2@@std@@PB_W@Z 0041b8a0 f   Path.obj
 0001:0001aba0       ?GetExtension@CPath@ZYM@@SA?AV?$basic_string@_WU?$char_traits@_W@std@@V?$allocator@_W@2@@std@@PB_W@Z 0041bba0 f   Path.obj
 0001:0001ad60       ?GetFileName@CPath@ZYM@@SA?AV?$basic_string@_WU?$char_traits@_W@std@@V?$allocator@_W@2@@std@@PB_W@Z 0041bd60 f   Path.obj
 0001:0001b060       ?GetFileNameWithoutExtension@CPath@ZYM@@SA?AV?$basic_string@_WU?$char_traits@_W@std@@V?$allocator@_W@2@@std@@PB_W@Z 0041c060 f   Path.obj
 0001:0001b3c0       ?GetFullPath@CPath@ZYM@@SA?AV?$basic_string@_WU?$char_traits@_W@std@@V?$allocator@_W@2@@std@@PB_W@Z 0041c3c0 f   Path.obj
 0001:0001b880       ?GetPathRoot@CPath@ZYM@@SA?AV?$basic_string@_WU?$char_traits@_W@std@@V?$allocator@_W@2@@std@@PB_W@Z 0041c880 f   Path.obj
 0001:0001bb80       ?GetRandomFileName@CPath@ZYM@@SA?AV?$basic_string@_WU?$char_traits@_W@std@@V?$allocator@_W@2@@std@@PB_W0@Z 0041cb80 f   Path.obj
 0001:0001c040       ?GetTempFileNameW@CPath@ZYM@@SA?AV?$basic_string@_WU?$char_traits@_W@std@@V?$allocator@_W@2@@std@@PB_W@Z 0041d040 f   Path.obj
 0001:0001c160       ?GetTempPathW@CPath@ZYM@@SA?AV?$basic_string@_WU?$char_traits@_W@std@@V?$allocator@_W@2@@std@@XZ 0041d160 f   Path.obj
 0001:0001c2d0       ?IsDirectory@CPath@ZYM@@SAHPB_W@Z 0041d2d0 f   Path.obj
 0001:0001c370       ?IsDirectoryExist@CPath@ZYM@@SAHPB_W@Z 0041d370 f   Path.obj
 0001:0001c410       ?IsFileExist@CPath@ZYM@@SAHPB_W@Z 0041d410 f   Path.obj
 0001:0001c4a0       ?at@?$basic_string@_WU?$char_traits@_W@std@@V?$allocator@_W@2@@std@@QAEAA_WI@Z 0041d4a0 f i Path.obj
 0001:0001c510       ?eq@?$char_traits@_W@std@@SA_NAB_W0@Z 0041d510 f i Path.obj
 0001:0001c580       ?find@?$basic_string@_WU?$char_traits@_W@std@@V?$allocator@_W@2@@std@@QBEIPB_WII@Z 0041d580 f i Path.obj
 0001:0001c6f0       ?find@?$basic_string@_WU?$char_traits@_W@std@@V?$allocator@_W@2@@std@@QBEI_WI@Z 0041d6f0 f i Path.obj
 0001:0001c750       ?find@?$char_traits@_W@std@@SAPB_WPB_WIAB_W@Z 0041d750 f i Path.obj
 0001:0001c7d0       ?rfind@?$basic_string@_WU?$char_traits@_W@std@@V?$allocator@_W@2@@std@@QBEIPB_WII@Z 0041d7d0 f i Path.obj
 0001:0001c960       ?rfind@?$basic_string@_WU?$char_traits@_W@std@@V?$allocator@_W@2@@std@@QBEI_WI@Z 0041d960 f i Path.obj
 0001:0001c9c0       ?wcschr@@YAPA_WPA_W_W@Z    0041d9c0 f i Path.obj
 0001:0001ca20       _wmemchr                   0041da20 f i Path.obj
 0001:0001ca90       ??0CPicBarDlg@@QAE@XZ      0041da90 f   PicBarDlg.obj
 0001:0001cb80       ??1CPicBarDlg@@UAE@XZ      0041db80 f   PicBarDlg.obj
 0001:0001cc00       ??_ECPicBarDlg@@UAEPAXI@Z  0041dc00 f i PicBarDlg.obj
 0001:0001cc00       ??_GCPicBarDlg@@UAEPAXI@Z  0041dc00 f i PicBarDlg.obj
 0001:0001cc70       ?CreateControl@CPicBarDlg@@UAEPAVCControlUI@DuiLib@@PB_W@Z 0041dc70 f   PicBarDlg.obj
 0001:0001cd90       ?GetSkinFile@CPicBarDlg@@UAE?AVCStdString@DuiLib@@XZ 0041dd90 f   PicBarDlg.obj
 0001:0001ce20       ?GetSkinFolder@CPicBarDlg@@UAE?AVCStdString@DuiLib@@XZ 0041de20 f   PicBarDlg.obj
 0001:0001cf60       ?GetWindowClassName@CPicBarDlg@@UBEPB_WXZ 0041df60 f   PicBarDlg.obj
 0001:0001cfa0       ?HandleCustomMessage@CPicBarDlg@@UAEJIIJAAH@Z 0041dfa0 f   PicBarDlg.obj
 0001:0001cfe0       ?HandleMessage@CPicBarDlg@@UAEJIIJ@Z 0041dfe0 f   PicBarDlg.obj
 0001:0001d040       ?Init@CPicBarDlg@@UAEXXZ   0041e040 f   PicBarDlg.obj
 0001:0001d160       ?Notify@CPicBarDlg@@MAEXAAUtagTNotifyUI@DuiLib@@@Z 0041e160 f   PicBarDlg.obj
 0001:0001d200       ?OnBtn_SaveAs@CPicBarDlg@@IAEXAAUtagTNotifyUI@DuiLib@@@Z 0041e200 f   PicBarDlg.obj
 0001:0001d310       ?OnFinalMessage@CPicBarDlg@@UAEXPAUHWND__@@@Z 0041e310 f   PicBarDlg.obj
 0001:0001d370       ?ResponseDefaultKeyEvent@CPicBarDlg@@UAEJI@Z 0041e370 f   PicBarDlg.obj
 0001:0001d3d0       ?SetCallBackCtrl@CPicBarDlg@@QAEXPAVCControlUI@DuiLib@@@Z 0041e3d0 f   PicBarDlg.obj
 0001:0001d420       ??0GdiplusStartupInput@Gdiplus@@QAE@P6GXW4DebugEventLevel@1@PAD@ZHH@Z 0041e420 f i RichEditDemo.obj
 0001:0001d490       _wWinMain@16               0041e490 f   RichEditDemo.obj
 0001:0001d8b0       ?RichEdit_GetDefaultCharFormat@@YAKPAUHWND__@@AAU_charformatw@@@Z 0041e8b0 f   RichEditUtil.obj
 0001:0001d920       ?RichEdit_GetDefaultCharFormat@@YAKPAVITextServices@@AAU_charformatw@@@Z 0041e920 f   RichEditUtil.obj
 0001:0001d9e0       ?RichEdit_GetImageOle@@YAHPAUHWND__@@UtagPOINT@@PAPAUIImageOle@@@Z 0041e9e0 f   RichEditUtil.obj
 0001:0001dd30       ?RichEdit_GetImageOle@@YAHPAVITextServices@@UtagPOINT@@PAPAUIImageOle@@@Z 0041ed30 f   RichEditUtil.obj
 0001:0001e080       ?RichEdit_GetOleInterface@@YAPAUIRichEditOle@@PAUHWND__@@@Z 0041f080 f   RichEditUtil.obj
 0001:0001e130       ?RichEdit_GetOleInterface@@YAPAUIRichEditOle@@PAVITextServices@@@Z 0041f130 f   RichEditUtil.obj
 0001:0001e1f0       ?RichEdit_GetSel@@YAXPAUHWND__@@AAJ1@Z 0041f1f0 f   RichEditUtil.obj
 0001:0001e2b0       ?RichEdit_GetSel@@YAXPAVITextServices@@AAJ1@Z 0041f2b0 f   RichEditUtil.obj
 0001:0001e380       ?RichEdit_GetSelectionCharFormat@@YAKPAUHWND__@@AAU_charformatw@@@Z 0041f380 f   RichEditUtil.obj
 0001:0001e3f0       ?RichEdit_GetSelectionCharFormat@@YAKPAVITextServices@@AAU_charformatw@@@Z 0041f3f0 f   RichEditUtil.obj
 0001:0001e4b0       ?RichEdit_GetText@@YAXPAUHWND__@@AAV?$basic_string@_WU?$char_traits@_W@std@@V?$allocator@_W@2@@std@@@Z 0041f4b0 f   RichEditUtil.obj
 0001:0001eb00       ?RichEdit_GetText@@YAXPAVITextServices@@AAV?$basic_string@_WU?$char_traits@_W@std@@V?$allocator@_W@2@@std@@@Z 0041fb00 f   RichEditUtil.obj
 0001:0001f150       ?RichEdit_GetTextRange@@YAHPAUHWND__@@PAU_charrange@@AAV?$basic_string@_WU?$char_traits@_W@std@@V?$allocator@_W@2@@std@@@Z 00420150 f   RichEditUtil.obj
 0001:0001f2f0       ?RichEdit_GetTextRange@@YAHPAVITextServices@@PAU_charrange@@AAV?$basic_string@_WU?$char_traits@_W@std@@V?$allocator@_W@2@@std@@@Z 004202f0 f   RichEditUtil.obj
 0001:0001f4c0       ?RichEdit_GetWindowText@@YAHPAUHWND__@@AAV?$basic_string@_WU?$char_traits@_W@std@@V?$allocator@_W@2@@std@@@Z 004204c0 f   RichEditUtil.obj
 0001:0001f5d0       ?RichEdit_GetWindowText@@YAHPAUHWND__@@PA_WH@Z 004205d0 f   RichEditUtil.obj
 0001:0001f630       ?RichEdit_GetWindowText@@YAHPAVITextServices@@AAV?$basic_string@_WU?$char_traits@_W@std@@V?$allocator@_W@2@@std@@@Z 00420630 f   RichEditUtil.obj
 0001:0001f740       ?RichEdit_GetWindowText@@YAHPAVITextServices@@PA_WH@Z 00420740 f   RichEditUtil.obj
 0001:0001f7f0       ?RichEdit_GetWindowTextLength@@YAHPAUHWND__@@@Z 004207f0 f   RichEditUtil.obj
 0001:0001f850       ?RichEdit_GetWindowTextLength@@YAHPAVITextServices@@@Z 00420850 f   RichEditUtil.obj
 0001:0001f900       ?RichEdit_InsertFace@@YAHPAUHWND__@@PB_WHHKHH@Z 00420900 f   RichEditUtil.obj
 0001:0001ff20       ?RichEdit_InsertFace@@YAHPAVITextServices@@PAVITextHost@@PB_WHHKHH@Z 00420f20 f   RichEditUtil.obj
 0001:00020560       ?RichEdit_ReplaceSel@@YAXPAUHWND__@@PB_W1HKHHHHHH@Z 00421560 f   RichEditUtil.obj
 0001:000206e0       ?RichEdit_ReplaceSel@@YAXPAUHWND__@@PB_WH@Z 004216e0 f   RichEditUtil.obj
 0001:00020750       ?RichEdit_ReplaceSel@@YAXPAVITextServices@@PB_W1HKHHHHHH@Z 00421750 f   RichEditUtil.obj
 0001:000208d0       ?RichEdit_ReplaceSel@@YAXPAVITextServices@@PB_WH@Z 004218d0 f   RichEditUtil.obj
 0001:00020940       ?RichEdit_SetDefFont@@YAXPAUHWND__@@PB_WH@Z 00421940 f   RichEditUtil.obj
 0001:00020a60       ?RichEdit_SetDefFont@@YAXPAUHWND__@@PB_WHKHHHH@Z 00421a60 f   RichEditUtil.obj
 0001:00020c20       ?RichEdit_SetDefFont@@YAXPAVITextServices@@PB_WHKHHHH@Z 00421c20 f   RichEditUtil.obj
 0001:00020de0       ?RichEdit_SetDefLinkText@@YAXPAUHWND__@@H@Z 00421de0 f   RichEditUtil.obj
 0001:00020ee0       ?RichEdit_SetDefTextColor@@YAXPAUHWND__@@K@Z 00421ee0 f   RichEditUtil.obj
 0001:00020fd0       ?RichEdit_SetDefaultCharFormat@@YAHPAUHWND__@@AAU_charformatw@@@Z 00421fd0 f   RichEditUtil.obj
 0001:00021040       ?RichEdit_SetDefaultCharFormat@@YAHPAVITextServices@@AAU_charformatw@@@Z 00422040 f   RichEditUtil.obj
 0001:00021100       ?RichEdit_SetFont@@YAXPAUHWND__@@PB_WH@Z 00422100 f   RichEditUtil.obj
 0001:00021220       ?RichEdit_SetFont@@YAXPAUHWND__@@PB_WHKHHHH@Z 00422220 f   RichEditUtil.obj
 0001:000213e0       ?RichEdit_SetFont@@YAXPAVITextServices@@PB_WHKHHHH@Z 004223e0 f   RichEditUtil.obj
 0001:000215a0       ?RichEdit_SetLinkText@@YAXPAUHWND__@@H@Z 004225a0 f   RichEditUtil.obj
 0001:000216a0       ?RichEdit_SetSel@@YAHPAUHWND__@@JJ@Z 004226a0 f   RichEditUtil.obj
 0001:00021750       ?RichEdit_SetSel@@YAHPAVITextServices@@JJ@Z 00422750 f   RichEditUtil.obj
 0001:00021830       ?RichEdit_SetSelectionCharFormat@@YAHPAUHWND__@@AAU_charformatw@@@Z 00422830 f   RichEditUtil.obj
 0001:000218a0       ?RichEdit_SetSelectionCharFormat@@YAHPAVITextServices@@AAU_charformatw@@@Z 004228a0 f   RichEditUtil.obj
 0001:00021960       ?RichEdit_SetStartIndent@@YAHPAUHWND__@@H@Z 00422960 f   RichEditUtil.obj
 0001:00021a60       ?RichEdit_SetStartIndent@@YAHPAVITextServices@@H@Z 00422a60 f   RichEditUtil.obj
 0001:00021b90       ?RichEdit_SetTextColor@@YAXPAUHWND__@@K@Z 00422b90 f   RichEditUtil.obj
 0001:00021c80       ??$_Allocate@D@std@@YAPADIPAD@Z 00422c80 f i stdafx.obj
 0001:00021d10       ??$_Debug_pointer@D@std@@YAXPBDPB_WI@Z 00422d10 f i stdafx.obj
 0001:00021d80       ??$addressof@D@std@@YAPADAAD@Z 00422d80 f i stdafx.obj
 0001:00021dc0       ??$construct@PADAAPAD@?$_Wrap_alloc@V?$allocator@D@std@@@std@@QAEXPAPADAAPAD@Z 00422dc0 f i stdafx.obj
 0001:00021e30       ??$construct@PADAAPAD@?$allocator@D@std@@QAEXPAPADAAPAD@Z 00422e30 f i stdafx.obj
 0001:00021f30       ??$construct@PADAAPAD@?$allocator_traits@V?$allocator@D@std@@@std@@SAXAAV?$allocator@D@1@PAPADAAPAD@Z 00422f30 f i stdafx.obj
 0001:00021f90       ??$destroy@PAD@?$_Wrap_alloc@V?$allocator@D@std@@@std@@QAEXPAPAD@Z 00422f90 f i stdafx.obj
 0001:00021ff0       ??$destroy@PAD@?$allocator@D@std@@QAEXPAPAD@Z 00422ff0 f i stdafx.obj
 0001:00022030       ??$destroy@PAD@?$allocator_traits@V?$allocator@D@std@@@std@@SAXAAV?$allocator@D@1@PAPAD@Z 00423030 f i stdafx.obj
 0001:00022080       ??$forward@AAPAD@std@@YAAAPADAAPAD@Z 00423080 f i stdafx.obj
 0001:000220c0       ??0?$_String_alloc@$0A@U?$_String_base_types@DV?$allocator@D@std@@@std@@@std@@QAE@ABV?$allocator@D@1@@Z 004230c0 f i stdafx.obj
 0001:00022170       ??0?$_String_val@U?$_Simple_types@D@std@@@std@@QAE@XZ 00423170 f i stdafx.obj
 0001:000221f0       ??0?$_Wrap_alloc@V?$allocator@D@std@@@std@@QAE@XZ 004231f0 f i stdafx.obj
 0001:00022250       ??0?$allocator@D@std@@QAE@XZ 00423250 f i stdafx.obj
 0001:00022290       ??0?$basic_string@DU?$char_traits@D@std@@V?$allocator@D@2@@std@@QAE@PBD@Z 00423290 f i stdafx.obj
 0001:00022360       ??0_Generic_error_category@std@@QAE@XZ 00423360 f i stdafx.obj
 0001:000223c0       ??0_Ignore@std@@QAE@XZ     004233c0 f i stdafx.obj
 0001:00022400       ??0_Iostream_error_category@std@@QAE@XZ 00423400 f i stdafx.obj
 0001:00022460       ??0_System_error_category@std@@QAE@XZ 00423460 f i stdafx.obj
 0001:000224c0       ??0error_category@std@@QAE@XZ 004234c0 f i stdafx.obj
 0001:00022510       ??0error_condition@std@@QAE@HABVerror_category@1@@Z 00423510 f i stdafx.obj
 0001:00022560       ??1?$_String_alloc@$0A@U?$_String_base_types@DV?$allocator@D@std@@@std@@@std@@QAE@XZ 00423560 f i stdafx.obj
 0001:000225c0       ??1?$_String_val@U?$_Simple_types@D@std@@@std@@QAE@XZ 004235c0 f i stdafx.obj
 0001:00022620       ??1_Generic_error_category@std@@UAE@XZ 00423620 f i stdafx.obj
 0001:00022670       ??1_Iostream_error_category@std@@UAE@XZ 00423670 f i stdafx.obj
 0001:000226c0       ??1_System_error_category@std@@UAE@XZ 004236c0 f i stdafx.obj
 0001:00022710       ??1error_category@std@@UAE@XZ 00423710 f i stdafx.obj
 0001:00022750       ??8error_category@std@@QBE_NABV01@@Z 00423750 f i stdafx.obj
 0001:000227c0       ??8error_condition@std@@QBE_NABV01@@Z 004237c0 f i stdafx.obj
 0001:00022870       ??_E_Generic_error_category@std@@UAEPAXI@Z 00423870 f i stdafx.obj
 0001:00022870       ??_G_Generic_error_category@std@@UAEPAXI@Z 00423870 f i stdafx.obj
 0001:000228e0       ??_G_Iostream_error_category@std@@UAEPAXI@Z 004238e0 f i stdafx.obj
 0001:000228e0       ??_E_Iostream_error_category@std@@UAEPAXI@Z 004238e0 f i stdafx.obj
 0001:00022950       ??_E_System_error_category@std@@UAEPAXI@Z 00423950 f i stdafx.obj
 0001:00022950       ??_G_System_error_category@std@@UAEPAXI@Z 00423950 f i stdafx.obj
 0001:000229c0       ??_Gerror_category@std@@UAEPAXI@Z 004239c0 f i stdafx.obj
 0001:000229c0       ??_Eerror_category@std@@UAEPAXI@Z 004239c0 f i stdafx.obj
 0001:00022a30       ?_Alloc_proxy@?$_String_alloc@$0A@U?$_String_base_types@DV?$allocator@D@std@@@std@@@std@@QAEXXZ 00423a30 f i stdafx.obj
 0001:00022b00       ?_Copy@?$basic_string@DU?$char_traits@D@std@@V?$allocator@D@2@@std@@QAEXII@Z 00423b00 f i stdafx.obj
 0001:00022dc0       ?_Eos@?$basic_string@DU?$char_traits@D@std@@V?$allocator@D@2@@std@@QAEXI@Z 00423dc0 f i stdafx.obj
 0001:00022e40       ?_Free_proxy@?$_String_alloc@$0A@U?$_String_base_types@DV?$allocator@D@std@@@std@@@std@@QAEXXZ 00423e40 f i stdafx.obj
 0001:00022f20       ?_Getal@?$_String_alloc@$0A@U?$_String_base_types@DV?$allocator@D@std@@@std@@@std@@QBE?AU?$_Wrap_alloc@V?$allocator@D@std@@@2@XZ 00423f20 f i stdafx.obj
 0001:00022f80       ?_Grow@?$basic_string@DU?$char_traits@D@std@@V?$allocator@D@2@@std@@QAE_NI_N@Z 00423f80 f i stdafx.obj
 0001:000230a0       ?_Inside@?$basic_string@DU?$char_traits@D@std@@V?$allocator@D@2@@std@@QAE_NPBD@Z 004240a0 f i stdafx.obj
 0001:00023120       ?_Myptr@?$_String_val@U?$_Simple_types@D@std@@@std@@QAEPADXZ 00424120 f i stdafx.obj
 0001:000231b0       ?_Myptr@?$_String_val@U?$_Simple_types@D@std@@@std@@QBEPBDXZ 004241b0 f i stdafx.obj
 0001:00023240       ?_Tidy@?$basic_string@DU?$char_traits@D@std@@V?$allocator@D@2@@std@@QAEX_NI@Z 00424240 f i stdafx.obj
 0001:00023350       ?_Xlen@?$basic_string@DU?$char_traits@D@std@@V?$allocator@D@2@@std@@QBEXXZ 00424350 f i stdafx.obj
 0001:000233b0       ?_Xran@?$basic_string@DU?$char_traits@D@std@@V?$allocator@D@2@@std@@QBEXXZ 004243b0 f i stdafx.obj
 0001:00023410       ?allocate@?$_Wrap_alloc@V?$allocator@D@std@@@std@@QAEPADI@Z 00424410 f i stdafx.obj
 0001:00023470       ?allocate@?$allocator@D@std@@QAEPADI@Z 00424470 f i stdafx.obj
 0001:000234d0       ?assign@?$basic_string@DU?$char_traits@D@std@@V?$allocator@D@2@@std@@QAEAAV12@ABV12@II@Z 004244d0 f i stdafx.obj
 0001:000235e0       ?assign@?$basic_string@DU?$char_traits@D@std@@V?$allocator@D@2@@std@@QAEAAV12@PBD@Z 004245e0 f i stdafx.obj
 0001:00023670       ?assign@?$basic_string@DU?$char_traits@D@std@@V?$allocator@D@2@@std@@QAEAAV12@PBDI@Z 00424670 f i stdafx.obj
 0001:00023770       ?assign@?$char_traits@D@std@@SAXAADABD@Z 00424770 f i stdafx.obj
 0001:000237b0       ?category@error_code@std@@QBEABVerror_category@2@XZ 004247b0 f i stdafx.obj
 0001:000237f0       ?category@error_condition@std@@QBEABVerror_category@2@XZ 004247f0 f i stdafx.obj
 0001:00023830       ?copy@?$char_traits@D@std@@SAPADPADPBDI@Z 00424830 f i stdafx.obj
 0001:000238b0       ?deallocate@?$_Wrap_alloc@V?$allocator@D@std@@@std@@QAEXPADI@Z 004248b0 f i stdafx.obj
 0001:00023910       ?deallocate@?$allocator@D@std@@QAEXPADI@Z 00424910 f i stdafx.obj
 0001:00023970       ?default_error_condition@_System_error_category@std@@UBE?AVerror_condition@2@H@Z 00424970 f i stdafx.obj
 0001:00023a20       ?default_error_condition@error_category@std@@UBE?AVerror_condition@2@H@Z 00424a20 f i stdafx.obj
 0001:00023a80       ?equivalent@error_category@std@@UBE_NABVerror_code@2@H@Z 00424a80 f i stdafx.obj
 0001:00023b20       ?equivalent@error_category@std@@UBE_NHABVerror_condition@2@@Z 00424b20 f i stdafx.obj
 0001:00023ba0       ?erase@?$basic_string@DU?$char_traits@D@std@@V?$allocator@D@2@@std@@QAEAAV12@I@Z 00424ba0 f i stdafx.obj
 0001:00023c20       ?erase@?$basic_string@DU?$char_traits@D@std@@V?$allocator@D@2@@std@@QAEAAV12@II@Z 00424c20 f i stdafx.obj
 0001:00023d00       ?generic_category@std@@YAABVerror_category@1@XZ 00424d00 f i stdafx.obj
 0001:00023d40       ?length@?$char_traits@D@std@@SAIPBD@Z 00424d40 f i stdafx.obj
 0001:00023dc0       ?max_size@?$_Wrap_alloc@V?$allocator@D@std@@@std@@QBEIXZ 00424dc0 f i stdafx.obj
 0001:00023e20       ?max_size@?$allocator@D@std@@QBEIXZ 00424e20 f i stdafx.obj
 0001:00023e60       ?max_size@?$allocator_traits@V?$allocator@D@std@@@std@@SAIABV?$allocator@D@2@@Z 00424e60 f i stdafx.obj
 0001:00023eb0       ?max_size@?$basic_string@DU?$char_traits@D@std@@V?$allocator@D@2@@std@@QBEIXZ 00424eb0 f i stdafx.obj
 0001:00023f50       ?message@_Generic_error_category@std@@UBE?AV?$basic_string@DU?$char_traits@D@std@@V?$allocator@D@2@@2@H@Z 00424f50 f i stdafx.obj
 0001:00024010       ?message@_Iostream_error_category@std@@UBE?AV?$basic_string@DU?$char_traits@D@std@@V?$allocator@D@2@@2@H@Z 00425010 f i stdafx.obj
 0001:000240d0       ?message@_System_error_category@std@@UBE?AV?$basic_string@DU?$char_traits@D@std@@V?$allocator@D@2@@2@H@Z 004250d0 f i stdafx.obj
 0001:00024190       ?move@?$char_traits@D@std@@SAPADPADPBDI@Z 00425190 f i stdafx.obj
 0001:00024220       ?name@_Generic_error_category@std@@UBEPBDXZ 00425220 f i stdafx.obj
 0001:00024260       ?name@_Iostream_error_category@std@@UBEPBDXZ 00425260 f i stdafx.obj
 0001:000242a0       ?name@_System_error_category@std@@UBEPBDXZ 004252a0 f i stdafx.obj
 0001:000242e0       ?size@?$basic_string@DU?$char_traits@D@std@@V?$allocator@D@2@@std@@QBEIXZ 004252e0 f i stdafx.obj
 0001:00024320       ?system_category@std@@YAABVerror_category@1@XZ 00425320 f i stdafx.obj
 0001:00024360       ?value@error_code@std@@QBEHXZ 00425360 f i stdafx.obj
 0001:000243a0       ?value@error_condition@std@@QBEHXZ 004253a0 f i stdafx.obj
 0001:000243e0       _hypot                     004253e0 f i stdafx.obj
 0001:00024460       ??$?8V?$_Vector_iterator@V?$_Vector_val@U?$_Simple_types@PAV?$ReceiverImplBase@HUContextMenuParam@DuiLib@@@@@std@@@std@@@std@@V01@@std@@YA_NABV?$reverse_iterator@V?$_Vector_iterator@V?$_Vector_val@U?$_Simple_types@PAV?$ReceiverImplBase@HUContextMenuParam@DuiLib@@@@@std@@@std@@@std@@@0@0@Z 00425460 f i UIMenu.obj
 0001:000244b0       ??$?9V?$_Vector_iterator@V?$_Vector_val@U?$_Simple_types@PAV?$ReceiverImplBase@HUContextMenuParam@DuiLib@@@@@std@@@std@@@std@@V01@@std@@YA_NABV?$reverse_iterator@V?$_Vector_iterator@V?$_Vector_val@U?$_Simple_types@PAV?$ReceiverImplBase@HUContextMenuParam@DuiLib@@@@@std@@@std@@@std@@@0@0@Z 004254b0 f i UIMenu.obj
 0001:00024530       ??$_Allocate@PAV?$ObserverImplBase@HUContextMenuParam@DuiLib@@@@@std@@YAPAPAV?$ObserverImplBase@HUContextMenuParam@DuiLib@@@@IPAPAV1@@Z 00425530 f i UIMenu.obj
 0001:000245d0       ??$_Allocate@PAV?$ReceiverImplBase@HUContextMenuParam@DuiLib@@@@@std@@YAPAPAV?$ReceiverImplBase@HUContextMenuParam@DuiLib@@@@IPAPAV1@@Z 004255d0 f i UIMenu.obj
 0001:00024670       ??$_Debug_pointer@PAV?$ObserverImplBase@HUContextMenuParam@DuiLib@@@@@std@@YAXPAPAV?$ObserverImplBase@HUContextMenuParam@DuiLib@@@@PB_WI@Z 00425670 f i UIMenu.obj
 0001:000246e0       ??$_Debug_pointer@PAV?$ReceiverImplBase@HUContextMenuParam@DuiLib@@@@@std@@YAXPAPAV?$ReceiverImplBase@HUContextMenuParam@DuiLib@@@@PB_WI@Z 004256e0 f i UIMenu.obj
 0001:00024750       ??$_Debug_range2@PAPAV?$ObserverImplBase@HUContextMenuParam@DuiLib@@@@@std@@YAXPAPAV?$ObserverImplBase@HUContextMenuParam@DuiLib@@@@0PB_WIUrandom_access_iterator_tag@0@@Z 00425750 f i UIMenu.obj
 0001:00024800       ??$_Debug_range2@PAPAV?$ReceiverImplBase@HUContextMenuParam@DuiLib@@@@@std@@YAXPAPAV?$ReceiverImplBase@HUContextMenuParam@DuiLib@@@@0PB_WIUrandom_access_iterator_tag@0@@Z 00425800 f i UIMenu.obj
 0001:000248b0       ??$_Debug_range@PAPAV?$ObserverImplBase@HUContextMenuParam@DuiLib@@@@@std@@YAXPAPAV?$ObserverImplBase@HUContextMenuParam@DuiLib@@@@0PB_WI@Z 004258b0 f i UIMenu.obj
 0001:00024930       ??$_Debug_range@PAPAV?$ReceiverImplBase@HUContextMenuParam@DuiLib@@@@@std@@YAXPAPAV?$ReceiverImplBase@HUContextMenuParam@DuiLib@@@@0PB_WI@Z 00425930 f i UIMenu.obj
[...]
 0004:0000046c       __imp_?ExpandItem@CListUI@DuiLib@@UAE_NH_N@Z 0045146c     DuiLib_ud:DuiLib_ud.dll
 0004:00000470       __imp_?FindControl@CContainerUI@DuiLib@@UAEPAVCControlUI@2@P6GPAV32@PAV32@PAX@Z1I@Z 00451470     DuiLib_ud:DuiLib_ud.dll
 0004:00000474       __imp_?FindSelectable@CContainerUI@DuiLib@@UBEHH_N@Z 00451474     DuiLib_ud:DuiLib_ud.dll
 0004:00000478       __imp_?GetChildPadding@CContainerUI@DuiLib@@UBEHXZ 00451478     DuiLib_ud:DuiLib_ud.dll
 0004:0000047c       __imp_?GetChildPadding@CListUI@DuiLib@@UBEHXZ 0045147c     DuiLib_ud:DuiLib_ud.dll
 0004:00000480       __imp_?GetClassStyle@CWindowWnd@DuiLib@@MBEIXZ 00451480     DuiLib_ud:DuiLib_ud.dll
 0004:00000484       __imp_?GetControlFlags@CListContainerElementUI@DuiLib@@UBEIXZ 00451484     DuiLib_ud:DuiLib_ud.dll
 0004:00000488       __imp_?GetControlFlags@CListUI@DuiLib@@UBEIXZ 00451488     DuiLib_ud:DuiLib_ud.dll
 0004:0000048c       __imp_?GetCount@CContainerUI@DuiLib@@UBEHXZ 0045148c     DuiLib_ud:DuiLib_ud.dll
 0004:00000490       __imp_?GetCount@CListUI@DuiLib@@UBEHXZ 00451490     DuiLib_ud:DuiLib_ud.dll
 0004:00000494       __imp_?GetCurSel@CListUI@DuiLib@@UBEHXZ 00451494     DuiLib_ud:DuiLib_ud.dll
 0004:00000498       __imp_?GetExpandedItem@CListUI@DuiLib@@UBEHXZ 00451498     DuiLib_ud:DuiLib_ud.dll
 0004:0000049c       __imp_?GetHorizontalScrollBar@CContainerUI@DuiLib@@UBEPAVCScrollBarUI@2@XZ 0045149c     DuiLib_ud:DuiLib_ud.dll
 0004:000004a0       __imp_?GetHorizontalScrollBar@CListUI@DuiLib@@UBEPAVCScrollBarUI@2@XZ 004514a0     DuiLib_ud:DuiLib_ud.dll
 0004:000004a4       __imp_?GetIndex@CListContainerElementUI@DuiLib@@UBEHXZ 004514a4     DuiLib_ud:DuiLib_ud.dll
 0004:000004a8       __imp_?GetInset@CContainerUI@DuiLib@@UBE?AUtagRECT@@XZ 004514a8     DuiLib_ud:DuiLib_ud.dll
 0004:000004ac       __imp_?GetItemAt@CContainerUI@DuiLib@@UBEPAVCControlUI@2@H@Z 004514ac     DuiLib_ud:DuiLib_ud.dll
 0004:000004b0       __imp_?GetItemAt@CListUI@DuiLib@@UBEPAVCControlUI@2@H@Z 004514b0     DuiLib_ud:DuiLib_ud.dll
 0004:000004b4       __imp_?GetItemIndex@CContainerUI@DuiLib@@UBEHPAVCControlUI@2@@Z 004514b4     DuiLib_ud:DuiLib_ud.dll
 0004:000004b8       __imp_?RemoveAt@CListUI@DuiLib@@UAE_NH@Z 004514b8     DuiLib_ud:DuiLib_ud.dll
 0004:000004bc       \177DuiLib_ud_NULL_THUNK_DATA 004514bc     DuiLib_ud:DuiLib_ud.dll
 0004:000005cc       __imp__CreateRoundRectRgn@24 004515cc     gdi32:GDI32.dll
 0004:000005d0       __imp__EnumFontFamiliesExW@20 004515d0     gdi32:GDI32.dll
 0004:000005d4       __imp__MoveToEx@16         004515d4     gdi32:GDI32.dll
 0004:000005d8       __imp__SelectObject@8      004515d8     gdi32:GDI32.dll
 0004:000005dc       __imp__Rectangle@20        004515dc     gdi32:GDI32.dll
 0004:000005e0       __imp__LineTo@12           004515e0     gdi32:GDI32.dll
 0004:000005e4       __imp__GetStockObject@4    004515e4     gdi32:GDI32.dll
 0004:000005e8       __imp__DeleteObject@4      004515e8     gdi32:GDI32.dll
 0004:000005ec       __imp__CreateSolidBrush@4  004515ec     gdi32:GDI32.dll
 0004:000005f0       __imp__CreatePen@12        004515f0     gdi32:GDI32.dll
 0004:000005f4       \177GDI32_NULL_THUNK_DATA  004515f4     gdi32:GDI32.dll
 0004:00000628       __imp__EncodePointer@4     00451628     kernel32:KERNEL32.dll
 0004:0000062c       __imp__DecodePointer@4     0045162c     kernel32:KERNEL32.dll
 0004:00000630       __imp__IsDebuggerPresent@0 00451630     kernel32:KERNEL32.dll
 0004:00000634       __imp__RaiseException@16   00451634     kernel32:KERNEL32.dll
 0004:00000638       __imp__GetLastError@0      00451638     kernel32:KERNEL32.dll
 0004:0000063c       __imp__LoadLibraryExW@12   0045163c     kernel32:KERNEL32.dll
 0004:00000640       __imp__IsProcessorFeaturePresent@4 00451640     kernel32:KERNEL32.dll
 0004:00000644       __imp__QueryPerformanceCounter@4 00451644     kernel32:KERNEL32.dll
 0004:00000648       __imp__GetCurrentProcessId@0 00451648     kernel32:KERNEL32.dll
 0004:0000064c       __imp__GetCurrentThreadId@0 0045164c     kernel32:KERNEL32.dll
 0004:00000650       __imp__GetSystemTimeAsFileTime@4 00451650     kernel32:KERNEL32.dll
 0004:00000654       __imp__HeapAlloc@12        00451654     kernel32:KERNEL32.dll
 0004:00000658       __imp__HeapFree@12         00451658     kernel32:KERNEL32.dll
 0004:0000065c       __imp__GetProcessHeap@0    0045165c     kernel32:KERNEL32.dll
 0004:00000660       __imp__VirtualQuery@12     00451660     kernel32:KERNEL32.dll
 0004:00000664       __imp__WideCharToMultiByte@32 00451664     kernel32:KERNEL32.dll
 0004:00000668       __imp__MultiByteToWideChar@24 00451668     kernel32:KERNEL32.dll
 0004:0000066c       __imp__GlobalUnlock@4      0045166c     kernel32:KERNEL32.dll
 0004:00000670       __imp__GlobalLock@4        00451670     kernel32:KERNEL32.dll
 0004:00000674       __imp__GlobalAlloc@8       00451674     kernel32:KERNEL32.dll
 0004:00000678       __imp__GetProcAddress@8    00451678     kernel32:KERNEL32.dll
 0004:0000067c       __imp__LoadLibraryW@4      0045167c     kernel32:KERNEL32.dll
 0004:00000680       __imp__FreeLibrary@4       00451680     kernel32:KERNEL32.dll
 0004:00000684       __imp__GetModuleFileNameW@12 00451684     kernel32:KERNEL32.dll
 0004:00000688       __imp__GetTempPathW@8      00451688     kernel32:KERNEL32.dll
 0004:0000068c       __imp__GetFileAttributesW@4 0045168c     kernel32:KERNEL32.dll
 0004:00000690       __imp__CreateDirectoryW@8  00451690     kernel32:KERNEL32.dll
 0004:00000694       __imp__GetCurrentDirectoryW@8 00451694     kernel32:KERNEL32.dll
 0004:00000698       __imp__CopyFileW@12        00451698     kernel32:KERNEL32.dll
 0004:0000069c       __imp__GetModuleHandleW@4  0045169c     kernel32:KERNEL32.dll
 0004:000006a0       \177KERNEL32_NULL_THUNK_DATA 004516a0     kernel32:KERNEL32.dll
 0004:000006e4       __imp_?_Winerror_map@std@@YAPBDH@Z 004516e4     msvcprtd:MSVCP120D.dll
 0004:000006e8       __imp_?_Syserror_map@std@@YAPBDH@Z 004516e8     msvcprtd:MSVCP120D.dll
 0004:000006ec       __imp_??0id@locale@std@@QAE@I@Z 004516ec     msvcprtd:MSVCP120D.dll
 0004:000006f0       __imp_?_Xout_of_range@std@@YAXPBD@Z 004516f0     msvcprtd:MSVCP120D.dll
 0004:000006f4       __imp_?_Xlength_error@std@@YAXPBD@Z 004516f4     msvcprtd:MSVCP120D.dll
 0004:000006f8       __imp_?_Xbad_alloc@std@@YAXXZ 004516f8     msvcprtd:MSVCP120D.dll
 0004:000006fc       __imp_?_Orphan_all@_Container_base12@std@@QAEXXZ 004516fc     msvcprtd:MSVCP120D.dll
 0004:00000700       __imp_?_Getpfirst@_Container_base12@std@@QBEPAPAU_Iterator_base12@2@XZ 00451700     msvcprtd:MSVCP120D.dll
 0004:00000704       __imp_??1_Container_base12@std@@QAE@XZ 00451704     msvcprtd:MSVCP120D.dll
 0004:00000708       __imp_??0_Container_base12@std@@QAE@XZ 00451708     msvcprtd:MSVCP120D.dll
 0004:0000070c       __imp_?_Debug_message@std@@YAXPB_W0I@Z 0045170c     msvcprtd:MSVCP120D.dll
 0004:00000710       __imp_??1_Lockit@std@@QAE@XZ 00451710     msvcprtd:MSVCP120D.dll
 0004:00000714       __imp_??0_Lockit@std@@QAE@H@Z 00451714     msvcprtd:MSVCP120D.dll
 0004:00000718       \177MSVCP120D_NULL_THUNK_DATA 00451718     msvcprtd:MSVCP120D.dll
 0004:0000074c       __imp___wcmdln             0045174c     MSVCRTD:MSVCR120D.dll
 0004:00000750       __imp___initterm           00451750     MSVCRTD:MSVCR120D.dll
 0004:00000754       __imp___initterm_e         00451754     MSVCRTD:MSVCR120D.dll
 0004:00000758       __imp____setusermatherr    00451758     MSVCRTD:MSVCR120D.dll
 0004:0000075c       __imp___configthreadlocale 0045175c     MSVCRTD:MSVCR120D.dll
 0004:00000760       __imp___cexit              00451760     MSVCRTD:MSVCR120D.dll
 0004:00000764       __imp___exit               00451764     MSVCRTD:MSVCR120D.dll
 0004:00000768       __imp__exit                00451768     MSVCRTD:MSVCR120D.dll
 0004:0000076c       __imp___CrtSetCheckCount   0045176c     MSVCRTD:MSVCR120D.dll
 0004:00000770       __imp____set_app_type      00451770     MSVCRTD:MSVCR120D.dll
 0004:00000774       __imp___fmode              00451774     MSVCRTD:MSVCR120D.dll
 0004:00000778       __imp___amsg_exit          00451778     MSVCRTD:MSVCR120D.dll
 0004:0000077c       __imp____crtGetShowWindowMode 0045177c     MSVCRTD:MSVCR120D.dll
 0004:00000780       __imp___XcptFilter         00451780     MSVCRTD:MSVCR120D.dll
 0004:00000784       __imp___onexit             00451784     MSVCRTD:MSVCR120D.dll
 0004:00000788       __imp____dllonexit         00451788     MSVCRTD:MSVCR120D.dll
 0004:0000078c       __imp___calloc_dbg         0045178c     MSVCRTD:MSVCR120D.dll
 0004:00000790       __imp___unlock             00451790     MSVCRTD:MSVCR120D.dll
 0004:00000794       __imp___lock               00451794     MSVCRTD:MSVCR120D.dll
 0004:00000798       __imp_??1type_info@@UAE@XZ 00451798     MSVCRTD:MSVCR120D.dll
 0004:0000079c       __imp___CRT_RTC_INITW      0045179c     MSVCRTD:MSVCR120D.dll
 0004:000007a0       __imp___commode            004517a0     MSVCRTD:MSVCR120D.dll
 0004:000007a4       __imp___crt_debugger_hook  004517a4     MSVCRTD:MSVCR120D.dll
 0004:000007a8       __imp____crtUnhandledException 004517a8     MSVCRTD:MSVCR120D.dll
 0004:000007ac       __imp____crtTerminateProcess 004517ac     MSVCRTD:MSVCR120D.dll
 0004:000007b0       __imp_?terminate@@YAXXZ    004517b0     MSVCRTD:MSVCR120D.dll
 0004:000007b4       __imp___except_handler4_common 004517b4     MSVCRTD:MSVCR120D.dll
 0004:000007b8       __imp____crtSetUnhandledExceptionFilter 004517b8     MSVCRTD:MSVCR120D.dll
 0004:000007bc       __imp___invoke_watson      004517bc     MSVCRTD:MSVCR120D.dll
 0004:000007c0       __imp___controlfp_s        004517c0     MSVCRTD:MSVCR120D.dll
 0004:000007c4       __imp__wcscpy_s            004517c4     MSVCRTD:MSVCR120D.dll
 0004:000007c8       __imp___wmakepath_s        004517c8     MSVCRTD:MSVCR120D.dll
 0004:000007cc       __imp___wsplitpath_s       004517cc     MSVCRTD:MSVCR120D.dll
 0004:000007d0       __imp____wgetmainargs      004517d0     MSVCRTD:MSVCR120D.dll
 0004:000007d4       __imp_??3@YAXPAX@Z         004517d4     MSVCRTD:MSVCR120D.dll
 0004:000007d8       __imp__wcscmp              004517d8     MSVCRTD:MSVCR120D.dll
 0004:000007dc       __imp____CxxFrameHandler3  004517dc     MSVCRTD:MSVCR120D.dll
 0004:000007e0       __imp_??2@YAPAXI@Z         004517e0     MSVCRTD:MSVCR120D.dll
 0004:000007e4       __imp___invalid_parameter  004517e4     MSVCRTD:MSVCR120D.dll
 0004:000007e8       __imp__memmove             004517e8     MSVCRTD:MSVCR120D.dll
 0004:000007ec       __imp___CrtDbgReportW      004517ec     MSVCRTD:MSVCR120D.dll
 0004:000007f0       __imp___CxxThrowException@8 004517f0     MSVCRTD:MSVCR120D.dll
 0004:000007f4       __imp__memcpy              004517f4     MSVCRTD:MSVCR120D.dll
 0004:000007f8       __imp__wcslen              004517f8     MSVCRTD:MSVCR120D.dll
 0004:000007fc       __imp__wcstol              004517fc     MSVCRTD:MSVCR120D.dll
 0004:00000800       __imp___wcsicmp            00451800     MSVCRTD:MSVCR120D.dll
 0004:00000800       __imp__wcsicmp             00451800     MSVCRTD:MSVCR120D.dll
 0004:00000804       __imp__memset              00451804     MSVCRTD:MSVCR120D.dll
 0004:00000808       __imp__wcsncpy             00451808     MSVCRTD:MSVCR120D.dll
 0004:0000080c       __imp_??_V@YAXPAX@Z        0045180c     MSVCRTD:MSVCR120D.dll
 0004:00000810       __imp__memcmp              00451810     MSVCRTD:MSVCR120D.dll
 0004:00000814       __imp__wcschr              00451814     MSVCRTD:MSVCR120D.dll
 0004:00000818       __imp__wcsrchr             00451818     MSVCRTD:MSVCR120D.dll
 0004:0000081c       __imp__free                0045181c     MSVCRTD:MSVCR120D.dll
 0004:00000820       __imp__malloc              00451820     MSVCRTD:MSVCR120D.dll
 0004:00000824       __imp__wcsstr              00451824     MSVCRTD:MSVCR120D.dll
 0004:00000828       __imp___time64             00451828     MSVCRTD:MSVCR120D.dll
 0004:0000082c       __imp__wcscat              0045182c     MSVCRTD:MSVCR120D.dll
 0004:00000830       __imp__wcscpy              00451830     MSVCRTD:MSVCR120D.dll
 0004:00000834       __imp___purecall           00451834     MSVCRTD:MSVCR120D.dll
 0004:00000838       __imp__strlen              00451838     MSVCRTD:MSVCR120D.dll
 0004:0000083c       __imp___hypot              0045183c     MSVCRTD:MSVCR120D.dll
 0004:00000840       __imp____RTDynamicCast     00451840     MSVCRTD:MSVCR120D.dll
 0004:00000844       __imp__isdigit             00451844     MSVCRTD:MSVCR120D.dll
 0004:00000848       __imp__wcsftime            00451848     MSVCRTD:MSVCR120D.dll
 0004:0000084c       __imp___localtime64        0045184c     MSVCRTD:MSVCR120D.dll
 0004:00000850       __imp___wtoi               00451850     MSVCRTD:MSVCR120D.dll
 0004:00000854       \177MSVCR120D_NULL_THUNK_DATA 00451854     MSVCRTD:MSVCR120D.dll
 0004:000008b4       __imp__VariantInit@4       004518b4     oleaut32:OLEAUT32.dll
 0004:000008b8       __imp__SysFreeString@4     004518b8     oleaut32:OLEAUT32.dll
 0004:000008bc       __imp__SysAllocString@4    004518bc     oleaut32:OLEAUT32.dll
 0004:000008c0       __imp__VariantClear@4      004518c0     oleaut32:OLEAUT32.dll
 0004:000008c4       \177OLEAUT32_NULL_THUNK_DATA 004518c4     oleaut32:OLEAUT32.dll
 0004:000008f0       __imp__ShellExecuteW@24    004518f0     shell32:SHELL32.dll
 0004:000008f4       \177SHELL32_NULL_THUNK_DATA 004518f4     shell32:SHELL32.dll
 0004:00000920       __imp__GetWindowRect@8     00451920     user32:USER32.dll
 0004:00000924       __imp__MapWindowPoints@16  00451924     user32:USER32.dll
 0004:00000928       __imp__IntersectRect@12    00451928     user32:USER32.dll
 0004:0000092c       __imp__GetWindowLongW@8    0045192c     user32:USER32.dll
 0004:00000930       __imp__SetWindowLongW@12   00451930     user32:USER32.dll
 0004:00000934       __imp__MonitorFromWindow@8 00451934     user32:USER32.dll
 0004:00000938       __imp__GetMonitorInfoW@8   00451938     user32:USER32.dll
 0004:0000093c       __imp__SetForegroundWindow@4 0045193c     user32:USER32.dll
 0004:00000940       __imp__GetDC@4             00451940     user32:USER32.dll
 0004:00000944       __imp__ReleaseDC@8         00451944     user32:USER32.dll
 0004:00000948       __imp__GetWindowTextLengthW@4 00451948     user32:USER32.dll
 0004:0000094c       __imp__IsIconic@4          0045194c     user32:USER32.dll
 0004:00000950       __imp__SetWindowRgn@12     00451950     user32:USER32.dll
 0004:00000954       __imp__ScreenToClient@8    00451954     user32:USER32.dll
 0004:00000958       __imp__FlashWindowEx@4     00451958     user32:USER32.dll
 0004:0000095c       __imp__MoveWindow@24       0045195c     user32:USER32.dll
 0004:00000960       __imp__OffsetRect@12       00451960     user32:USER32.dll
 0004:00000964       __imp__SendMessageW@16     00451964     user32:USER32.dll
 0004:00000968       __imp__SetRect@20          00451968     user32:USER32.dll
 0004:0000096c       __imp__SetRectEmpty@4      0045196c     user32:USER32.dll
 0004:00000970       __imp__PtInRect@12         00451970     user32:USER32.dll
 0004:00000974       __imp__PostMessageW@16     00451974     user32:USER32.dll
 0004:00000978       __imp__DestroyWindow@4     00451978     user32:USER32.dll
 0004:0000097c       __imp__GetWindowTextW@12   0045197c     user32:USER32.dll
 0004:00000980       __imp__MessageBoxW@16      00451980     user32:USER32.dll
 0004:00000984       __imp__IsCharAlphaW@4      00451984     user32:USER32.dll
 0004:00000988       __imp__FindWindowW@8       00451988     user32:USER32.dll
 0004:0000098c       __imp__GetParent@4         0045198c     user32:USER32.dll
 0004:00000990       __imp__wsprintfW           00451990     user32:USER32.dll
 0004:00000994       __imp__PostQuitMessage@4   00451994     user32:USER32.dll
 0004:00000998       __imp__ClientToScreen@8    00451998     user32:USER32.dll
 0004:0000099c       __imp__IsWindow@4          0045199c     user32:USER32.dll
 0004:000009a0       __imp__ShowWindow@8        004519a0     user32:USER32.dll
 0004:000009a4       __imp__SetWindowPos@28     004519a4     user32:USER32.dll
 0004:000009a8       __imp__IsZoomed@4          004519a8     user32:USER32.dll
 0004:000009ac       __imp__GetClientRect@8     004519ac     user32:USER32.dll
 0004:000009b0       \177USER32_NULL_THUNK_DATA 004519b0     user32:USER32.dll
 0004:000009f8       __imp__GdipGetImageRawFormat@8 004519f8     gdiplus:gdiplus.dll
 0004:000009fc       __imp__GdipImageGetFrameDimensionsCount@8 004519fc     gdiplus:gdiplus.dll
 0004:00000a00       __imp__GdipImageGetFrameDimensionsList@12 00451a00     gdiplus:gdiplus.dll
 0004:00000a04       __imp__GdipImageGetFrameCount@12 00451a04     gdiplus:gdiplus.dll
 0004:00000a08       __imp__GdipImageSelectActiveFrame@12 00451a08     gdiplus:gdiplus.dll
 0004:00000a0c       __imp__GdipGetPropertyItemSize@12 00451a0c     gdiplus:gdiplus.dll
 0004:00000a10       __imp__GdipGetPropertyItem@16 00451a10     gdiplus:gdiplus.dll
 0004:00000a14       __imp__GdipCreateFromHDC@8 00451a14     gdiplus:gdiplus.dll
 0004:00000a18       __imp__GdipDeleteGraphics@4 00451a18     gdiplus:gdiplus.dll
 0004:00000a1c       __imp__GdipDrawImageI@16   00451a1c     gdiplus:gdiplus.dll
 0004:00000a20       __imp__GdipDrawImageRectI@24 00451a20     gdiplus:gdiplus.dll
 0004:00000a24       __imp__GdipGetImageEncodersSize@8 00451a24     gdiplus:gdiplus.dll
 0004:00000a28       __imp__GdipGetImageEncoders@12 00451a28     gdiplus:gdiplus.dll
 0004:00000a2c       __imp__GdiplusStartup@12   00451a2c     gdiplus:gdiplus.dll
 0004:00000a30       __imp__GdiplusShutdown@4   00451a30     gdiplus:gdiplus.dll
 0004:00000a34       __imp__GdipGetImageHeight@8 00451a34     gdiplus:gdiplus.dll
 0004:00000a38       __imp__GdipGetImageWidth@8 00451a38     gdiplus:gdiplus.dll
 0004:00000a3c       __imp__GdipSaveImageToFile@16 00451a3c     gdiplus:gdiplus.dll
 0004:00000a40       __imp__GdipDisposeImage@4  00451a40     gdiplus:gdiplus.dll
 0004:00000a44       __imp__GdipCloneImage@8    00451a44     gdiplus:gdiplus.dll
 0004:00000a48       __imp__GdipLoadImageFromFile@8 00451a48     gdiplus:gdiplus.dll
 0004:00000a4c       __imp__GdipFree@4          00451a4c     gdiplus:gdiplus.dll
 0004:00000a50       __imp__GdipAlloc@4         00451a50     gdiplus:gdiplus.dll
 0004:00000a54       __imp__GdipLoadImageFromFileICM@8 00451a54     gdiplus:gdiplus.dll
 0004:00000a58       \177gdiplus_NULL_THUNK_DATA 00451a58     gdiplus:gdiplus.dll
 0004:00000a94       __imp__OleUninitialize@0   00451a94     ole32:ole32.dll
 0004:00000a98       __imp__OleInitialize@4     00451a98     ole32:ole32.dll
 0004:00000a9c       __imp__CoCreateInstance@20 00451a9c     ole32:ole32.dll
 0004:00000aa0       __imp__RevokeDragDrop@4    00451aa0     ole32:ole32.dll
 0004:00000aa4       __imp__RegisterDragDrop@8  00451aa4     ole32:ole32.dll
 0004:00000aa8       __imp__OleSetContainedObject@8 00451aa8     ole32:ole32.dll
 0004:00000aac       \177ole32_NULL_THUNK_DATA  00451aac     ole32:ole32.dll
 0004:00000adc       __IMPORT_DESCRIPTOR_KERNEL32 00451adc     kernel32:KERNEL32.dll
 0004:00000af0       __IMPORT_DESCRIPTOR_USER32 00451af0     user32:USER32.dll
 0004:00000b04       __IMPORT_DESCRIPTOR_GDI32  00451b04     gdi32:GDI32.dll
 0004:00000b18       __IMPORT_DESCRIPTOR_COMDLG32 00451b18     comdlg32:COMDLG32.dll
 0004:00000b2c       __IMPORT_DESCRIPTOR_SHELL32 00451b2c     shell32:SHELL32.dll
 0004:00000b40       __IMPORT_DESCRIPTOR_ole32  00451b40     ole32:ole32.dll
 0004:00000b54       __IMPORT_DESCRIPTOR_OLEAUT32 00451b54     oleaut32:OLEAUT32.dll
 0004:00000b68       __IMPORT_DESCRIPTOR_DuiLib_ud 00451b68     DuiLib_ud:DuiLib_ud.dll
 0004:00000b7c       __IMPORT_DESCRIPTOR_MSVCP120D 00451b7c     msvcprtd:MSVCP120D.dll
 0004:00000b90       __IMPORT_DESCRIPTOR_MSVCR120D 00451b90     MSVCRTD:MSVCR120D.dll
 0004:00000ba4       __IMPORT_DESCRIPTOR_gdiplus 00451ba4     gdiplus:gdiplus.dll
 0004:00000bb8       __NULL_IMPORT_DESCRIPTOR   00451bb8     kernel32:KERNEL32.dll

 entry point at        0001:00039e80

